[2024-06-19T22:43:30.932+0900][gc,init] CardTable entry size: 512
[2024-06-19T22:43:30.932+0900][gc     ] Using G1
[2024-06-19T22:43:30.933+0900][gc,init] Version: 21.0.1+12-29 (release)
[2024-06-19T22:43:30.933+0900][gc,init] CPUs: 8 total, 8 available
[2024-06-19T22:43:30.933+0900][gc,init] Memory: 16384M
[2024-06-19T22:43:30.933+0900][gc,init] Large Page Support: Disabled
[2024-06-19T22:43:30.933+0900][gc,init] NUMA Support: Disabled
[2024-06-19T22:43:30.933+0900][gc,init] Compressed Oops: Enabled (Zero based)
[2024-06-19T22:43:30.933+0900][gc,init] Heap Region Size: 1M
[2024-06-19T22:43:30.933+0900][gc,init] Heap Min Capacity: 1G
[2024-06-19T22:43:30.933+0900][gc,init] Heap Initial Capacity: 1G
[2024-06-19T22:43:30.933+0900][gc,init] Heap Max Capacity: 1G
[2024-06-19T22:43:30.933+0900][gc,init] Pre-touch: Disabled
[2024-06-19T22:43:30.933+0900][gc,init] Parallel Workers: 8
[2024-06-19T22:43:30.933+0900][gc,init] Concurrent Workers: 2
[2024-06-19T22:43:30.933+0900][gc,init] Concurrent Refinement Workers: 8
[2024-06-19T22:43:30.933+0900][gc,init] Periodic GC: Disabled
[2024-06-19T22:43:30.936+0900][gc,metaspace] CDS archive(s) mapped at: [0x0000007000000000-0x0000007000ca4000-0x0000007000ca4000), size 13254656, SharedBaseAddress: 0x0000007000000000, ArchiveRelocationMode: 1.
[2024-06-19T22:43:30.936+0900][gc,metaspace] Compressed class space mapped at: 0x0000007001000000-0x0000007041000000, reserved size: 1073741824
[2024-06-19T22:43:30.936+0900][gc,metaspace] Narrow klass base: 0x0000007000000000, Narrow klass shift: 0, Narrow klass range: 0x100000000
[2024-06-19T22:43:31.686+0900][gc,start    ] GC(0) Pause Young (Normal) (G1 Evacuation Pause)
[2024-06-19T22:43:31.686+0900][gc,task     ] GC(0) Using 8 workers of 8 for evacuation
[2024-06-19T22:43:31.688+0900][gc,phases   ] GC(0)   Pre Evacuate Collection Set: 0.1ms
[2024-06-19T22:43:31.688+0900][gc,phases   ] GC(0)   Merge Heap Roots: 0.0ms
[2024-06-19T22:43:31.688+0900][gc,phases   ] GC(0)   Evacuate Collection Set: 2.0ms
[2024-06-19T22:43:31.688+0900][gc,phases   ] GC(0)   Post Evacuate Collection Set: 0.3ms
[2024-06-19T22:43:31.688+0900][gc,phases   ] GC(0)   Other: 0.1ms
[2024-06-19T22:43:31.688+0900][gc,heap     ] GC(0) Eden regions: 51->0(44)
[2024-06-19T22:43:31.688+0900][gc,heap     ] GC(0) Survivor regions: 0->7(7)
[2024-06-19T22:43:31.688+0900][gc,heap     ] GC(0) Old regions: 2->3
[2024-06-19T22:43:31.688+0900][gc,heap     ] GC(0) Humongous regions: 0->0
[2024-06-19T22:43:31.688+0900][gc,metaspace] GC(0) Metaspace: 19475K(19712K)->19475K(19712K) NonClass: 17196K(17344K)->17196K(17344K) Class: 2278K(2368K)->2278K(2368K)
[2024-06-19T22:43:31.688+0900][gc          ] GC(0) Pause Young (Normal) (G1 Evacuation Pause) 52M->8M(1024M) 2.695ms
[2024-06-19T22:43:31.688+0900][gc,cpu      ] GC(0) User=0.01s Sys=0.00s Real=0.00s
[2024-06-19T22:43:31.747+0900][gc,start    ] GC(1) Pause Young (Concurrent Start) (Metadata GC Threshold)
[2024-06-19T22:43:31.747+0900][gc,task     ] GC(1) Using 8 workers of 8 for evacuation
[2024-06-19T22:43:31.750+0900][gc,phases   ] GC(1)   Pre Evacuate Collection Set: 0.1ms
[2024-06-19T22:43:31.750+0900][gc,phases   ] GC(1)   Merge Heap Roots: 0.0ms
[2024-06-19T22:43:31.750+0900][gc,phases   ] GC(1)   Evacuate Collection Set: 2.1ms
[2024-06-19T22:43:31.750+0900][gc,phases   ] GC(1)   Post Evacuate Collection Set: 0.2ms
[2024-06-19T22:43:31.750+0900][gc,phases   ] GC(1)   Other: 0.0ms
[2024-06-19T22:43:31.750+0900][gc,heap     ] GC(1) Eden regions: 8->0(49)
[2024-06-19T22:43:31.750+0900][gc,heap     ] GC(1) Survivor regions: 7->2(7)
[2024-06-19T22:43:31.750+0900][gc,heap     ] GC(1) Old regions: 3->9
[2024-06-19T22:43:31.750+0900][gc,heap     ] GC(1) Humongous regions: 0->0
[2024-06-19T22:43:31.750+0900][gc,metaspace] GC(1) Metaspace: 21304K(21504K)->21304K(21504K) NonClass: 18818K(18944K)->18818K(18944K) Class: 2485K(2560K)->2485K(2560K)
[2024-06-19T22:43:31.750+0900][gc          ] GC(1) Pause Young (Concurrent Start) (Metadata GC Threshold) 15M->9M(1024M) 2.553ms
[2024-06-19T22:43:31.750+0900][gc,cpu      ] GC(1) User=0.01s Sys=0.00s Real=0.01s
[2024-06-19T22:43:31.750+0900][gc          ] GC(2) Concurrent Mark Cycle
[2024-06-19T22:43:31.750+0900][gc,marking  ] GC(2) Concurrent Scan Root Regions
[2024-06-19T22:43:31.751+0900][gc,marking  ] GC(2) Concurrent Scan Root Regions 1.375ms
[2024-06-19T22:43:31.751+0900][gc,marking  ] GC(2) Concurrent Mark
[2024-06-19T22:43:31.751+0900][gc,marking  ] GC(2) Concurrent Mark From Roots
[2024-06-19T22:43:31.751+0900][gc,task     ] GC(2) Using 2 workers of 2 for marking
[2024-06-19T22:43:31.752+0900][gc,marking  ] GC(2) Concurrent Mark From Roots 0.698ms
[2024-06-19T22:43:31.752+0900][gc,marking  ] GC(2) Concurrent Preclean
[2024-06-19T22:43:31.752+0900][gc,marking  ] GC(2) Concurrent Preclean 0.006ms
[2024-06-19T22:43:31.752+0900][gc,start    ] GC(2) Pause Remark
[2024-06-19T22:43:31.753+0900][gc          ] GC(2) Pause Remark 9M->9M(1024M) 0.805ms
[2024-06-19T22:43:31.753+0900][gc,cpu      ] GC(2) User=0.00s Sys=0.00s Real=0.00s
[2024-06-19T22:43:31.753+0900][gc,marking  ] GC(2) Concurrent Mark 1.577ms
[2024-06-19T22:43:31.753+0900][gc,marking  ] GC(2) Concurrent Rebuild Remembered Sets and Scrub Regions
[2024-06-19T22:43:31.754+0900][gc,marking  ] GC(2) Concurrent Rebuild Remembered Sets and Scrub Regions 0.967ms
[2024-06-19T22:43:31.754+0900][gc,start    ] GC(2) Pause Cleanup
[2024-06-19T22:43:31.754+0900][gc          ] GC(2) Pause Cleanup 9M->9M(1024M) 0.078ms
[2024-06-19T22:43:31.754+0900][gc,cpu      ] GC(2) User=0.00s Sys=0.00s Real=0.00s
[2024-06-19T22:43:31.754+0900][gc,marking  ] GC(2) Concurrent Clear Claimed Marks
[2024-06-19T22:43:31.754+0900][gc,marking  ] GC(2) Concurrent Clear Claimed Marks 0.008ms
[2024-06-19T22:43:31.754+0900][gc,marking  ] GC(2) Concurrent Cleanup for Next Mark
[2024-06-19T22:43:31.755+0900][gc,marking  ] GC(2) Concurrent Cleanup for Next Mark 1.293ms
[2024-06-19T22:43:31.756+0900][gc          ] GC(2) Concurrent Mark Cycle 5.661ms
[2024-06-19T22:43:32.135+0900][gc,start    ] GC(3) Pause Young (Prepare Mixed) (G1 Evacuation Pause)
[2024-06-19T22:43:32.135+0900][gc,task     ] GC(3) Using 8 workers of 8 for evacuation
[2024-06-19T22:43:32.137+0900][gc,phases   ] GC(3)   Pre Evacuate Collection Set: 0.1ms
[2024-06-19T22:43:32.137+0900][gc,phases   ] GC(3)   Merge Heap Roots: 0.0ms
[2024-06-19T22:43:32.137+0900][gc,phases   ] GC(3)   Evacuate Collection Set: 1.6ms
[2024-06-19T22:43:32.137+0900][gc,phases   ] GC(3)   Post Evacuate Collection Set: 0.2ms
[2024-06-19T22:43:32.137+0900][gc,phases   ] GC(3)   Other: 0.0ms
[2024-06-19T22:43:32.137+0900][gc,heap     ] GC(3) Eden regions: 49->0(45)
[2024-06-19T22:43:32.137+0900][gc,heap     ] GC(3) Survivor regions: 2->6(7)
[2024-06-19T22:43:32.137+0900][gc,heap     ] GC(3) Old regions: 9->9
[2024-06-19T22:43:32.137+0900][gc,heap     ] GC(3) Humongous regions: 129->129
[2024-06-19T22:43:32.137+0900][gc,metaspace] GC(3) Metaspace: 34090K(34432K)->34090K(34432K) NonClass: 30391K(30592K)->30391K(30592K) Class: 3699K(3840K)->3699K(3840K)
[2024-06-19T22:43:32.137+0900][gc          ] GC(3) Pause Young (Prepare Mixed) (G1 Evacuation Pause) 187M->142M(1024M) 2.043ms
[2024-06-19T22:43:32.137+0900][gc,cpu      ] GC(3) User=0.01s Sys=0.00s Real=0.00s
[2024-06-19T22:43:32.187+0900][gc,start    ] GC(4) Pause Young (Mixed) (Metadata GC Threshold)
[2024-06-19T22:43:32.187+0900][gc,task     ] GC(4) Using 8 workers of 8 for evacuation
[2024-06-19T22:43:32.189+0900][gc,phases   ] GC(4)   Pre Evacuate Collection Set: 0.1ms
[2024-06-19T22:43:32.189+0900][gc,phases   ] GC(4)   Merge Heap Roots: 0.0ms
[2024-06-19T22:43:32.189+0900][gc,phases   ] GC(4)   Evacuate Collection Set: 1.7ms
[2024-06-19T22:43:32.189+0900][gc,phases   ] GC(4)   Post Evacuate Collection Set: 0.2ms
[2024-06-19T22:43:32.189+0900][gc,phases   ] GC(4)   Other: 0.0ms
[2024-06-19T22:43:32.189+0900][gc,heap     ] GC(4) Eden regions: 8->0(50)
[2024-06-19T22:43:32.189+0900][gc,heap     ] GC(4) Survivor regions: 6->1(7)
[2024-06-19T22:43:32.189+0900][gc,heap     ] GC(4) Old regions: 9->14
[2024-06-19T22:43:32.189+0900][gc,heap     ] GC(4) Humongous regions: 129->129
[2024-06-19T22:43:32.189+0900][gc,metaspace] GC(4) Metaspace: 35681K(36096K)->35681K(36096K) NonClass: 31741K(31936K)->31741K(31936K) Class: 3939K(4160K)->3939K(4160K)
[2024-06-19T22:43:32.189+0900][gc          ] GC(4) Pause Young (Mixed) (Metadata GC Threshold) 149M->143M(1024M) 2.130ms
[2024-06-19T22:43:32.189+0900][gc,cpu      ] GC(4) User=0.01s Sys=0.00s Real=0.00s
[2024-06-19T22:43:41.557+0900][gc,start    ] GC(5) Pause Young (Concurrent Start) (Metadata GC Threshold)
[2024-06-19T22:43:41.558+0900][gc,task     ] GC(5) Using 8 workers of 8 for evacuation
[2024-06-19T22:43:41.562+0900][gc,phases   ] GC(5)   Pre Evacuate Collection Set: 0.4ms
[2024-06-19T22:43:41.562+0900][gc,phases   ] GC(5)   Merge Heap Roots: 0.2ms
[2024-06-19T22:43:41.562+0900][gc,phases   ] GC(5)   Evacuate Collection Set: 3.1ms
[2024-06-19T22:43:41.562+0900][gc,phases   ] GC(5)   Post Evacuate Collection Set: 0.4ms
[2024-06-19T22:43:41.562+0900][gc,phases   ] GC(5)   Other: 0.1ms
[2024-06-19T22:43:41.562+0900][gc,heap     ] GC(5) Eden regions: 5->0(50)
[2024-06-19T22:43:41.562+0900][gc,heap     ] GC(5) Survivor regions: 1->1(7)
[2024-06-19T22:43:41.562+0900][gc,heap     ] GC(5) Old regions: 14->14
[2024-06-19T22:43:41.562+0900][gc,heap     ] GC(5) Humongous regions: 129->129
[2024-06-19T22:43:41.562+0900][gc,metaspace] GC(5) Metaspace: 35973K(36416K)->35973K(36416K) NonClass: 31972K(32192K)->31972K(32192K) Class: 4001K(4224K)->4001K(4224K)
[2024-06-19T22:43:41.562+0900][gc          ] GC(5) Pause Young (Concurrent Start) (Metadata GC Threshold) 147M->142M(1024M) 4.615ms
[2024-06-19T22:43:41.562+0900][gc          ] GC(6) Concurrent Mark Cycle
[2024-06-19T22:43:41.562+0900][gc,cpu      ] GC(5) User=0.00s Sys=0.00s Real=0.01s
[2024-06-19T22:43:41.562+0900][gc,marking  ] GC(6) Concurrent Scan Root Regions
[2024-06-19T22:43:41.564+0900][gc,marking  ] GC(6) Concurrent Scan Root Regions 2.174ms
[2024-06-19T22:43:41.564+0900][gc,marking  ] GC(6) Concurrent Mark
[2024-06-19T22:43:41.564+0900][gc,marking  ] GC(6) Concurrent Mark From Roots
[2024-06-19T22:43:41.564+0900][gc,task     ] GC(6) Using 2 workers of 2 for marking
[2024-06-19T22:43:41.583+0900][gc,marking  ] GC(6) Concurrent Mark From Roots 18.156ms
[2024-06-19T22:43:41.583+0900][gc,marking  ] GC(6) Concurrent Preclean
[2024-06-19T22:43:41.583+0900][gc,marking  ] GC(6) Concurrent Preclean 0.076ms
[2024-06-19T22:43:41.583+0900][gc,start    ] GC(6) Pause Remark
[2024-06-19T22:43:41.585+0900][gc          ] GC(6) Pause Remark 143M->143M(1024M) 1.927ms
[2024-06-19T22:43:41.585+0900][gc,cpu      ] GC(6) User=0.01s Sys=0.00s Real=0.00s
[2024-06-19T22:43:41.585+0900][gc,marking  ] GC(6) Concurrent Mark 20.385ms
[2024-06-19T22:43:41.585+0900][gc,marking  ] GC(6) Concurrent Rebuild Remembered Sets and Scrub Regions
[2024-06-19T22:43:41.590+0900][gc,marking  ] GC(6) Concurrent Rebuild Remembered Sets and Scrub Regions 5.014ms
[2024-06-19T22:43:41.590+0900][gc,start    ] GC(6) Pause Cleanup
[2024-06-19T22:43:41.590+0900][gc          ] GC(6) Pause Cleanup 143M->143M(1024M) 0.172ms
[2024-06-19T22:43:41.590+0900][gc,cpu      ] GC(6) User=0.00s Sys=0.00s Real=0.00s
[2024-06-19T22:43:41.590+0900][gc,marking  ] GC(6) Concurrent Clear Claimed Marks
[2024-06-19T22:43:41.590+0900][gc,marking  ] GC(6) Concurrent Clear Claimed Marks 0.022ms
[2024-06-19T22:43:41.590+0900][gc,marking  ] GC(6) Concurrent Cleanup for Next Mark
[2024-06-19T22:43:41.592+0900][gc,marking  ] GC(6) Concurrent Cleanup for Next Mark 2.282ms
[2024-06-19T22:43:41.592+0900][gc          ] GC(6) Concurrent Mark Cycle 30.344ms
[2024-06-19T22:44:34.106+0900][gc,start    ] GC(7) Pause Young (Prepare Mixed) (G1 Evacuation Pause)
[2024-06-19T22:44:34.106+0900][gc,task     ] GC(7) Using 8 workers of 8 for evacuation
[2024-06-19T22:44:34.113+0900][gc,phases   ] GC(7)   Pre Evacuate Collection Set: 0.6ms
[2024-06-19T22:44:34.113+0900][gc,phases   ] GC(7)   Merge Heap Roots: 0.1ms
[2024-06-19T22:44:34.113+0900][gc,phases   ] GC(7)   Evacuate Collection Set: 5.5ms
[2024-06-19T22:44:34.113+0900][gc,phases   ] GC(7)   Post Evacuate Collection Set: 0.4ms
[2024-06-19T22:44:34.113+0900][gc,phases   ] GC(7)   Other: 0.1ms
[2024-06-19T22:44:34.113+0900][gc,heap     ] GC(7) Eden regions: 50->0(48)
[2024-06-19T22:44:34.113+0900][gc,heap     ] GC(7) Survivor regions: 1->3(7)
[2024-06-19T22:44:34.113+0900][gc,heap     ] GC(7) Old regions: 14->14
[2024-06-19T22:44:34.113+0900][gc,heap     ] GC(7) Humongous regions: 129->129
[2024-06-19T22:44:34.113+0900][gc,metaspace] GC(7) Metaspace: 37689K(38208K)->37689K(38208K) NonClass: 33514K(33792K)->33514K(33792K) Class: 4175K(4416K)->4175K(4416K)
[2024-06-19T22:44:34.113+0900][gc          ] GC(7) Pause Young (Prepare Mixed) (G1 Evacuation Pause) 192M->144M(1024M) 7.585ms
[2024-06-19T22:44:34.113+0900][gc,cpu      ] GC(7) User=0.01s Sys=0.01s Real=0.01s
[2024-06-19T22:44:56.945+0900][gc,start    ] GC(8) Pause Young (Mixed) (G1 Evacuation Pause)
[2024-06-19T22:44:56.945+0900][gc,task     ] GC(8) Using 8 workers of 8 for evacuation
[2024-06-19T22:44:56.966+0900][gc,mmu      ] GC(8) MMU target violated: 20.3ms (20.0ms/21.0ms)
[2024-06-19T22:44:56.966+0900][gc,phases   ] GC(8)   Pre Evacuate Collection Set: 0.4ms
[2024-06-19T22:44:56.966+0900][gc,phases   ] GC(8)   Merge Heap Roots: 0.1ms
[2024-06-19T22:44:56.966+0900][gc,phases   ] GC(8)   Evacuate Collection Set: 18.8ms
[2024-06-19T22:44:56.966+0900][gc,phases   ] GC(8)   Post Evacuate Collection Set: 0.9ms
[2024-06-19T22:44:56.966+0900][gc,phases   ] GC(8)   Other: 0.2ms
[2024-06-19T22:44:56.966+0900][gc,heap     ] GC(8) Eden regions: 48->0(48)
[2024-06-19T22:44:56.966+0900][gc,heap     ] GC(8) Survivor regions: 3->3(7)
[2024-06-19T22:44:56.966+0900][gc,heap     ] GC(8) Old regions: 14->14
[2024-06-19T22:44:56.966+0900][gc,heap     ] GC(8) Humongous regions: 129->129
[2024-06-19T22:44:56.966+0900][gc,metaspace] GC(8) Metaspace: 38349K(38848K)->38349K(38848K) NonClass: 34069K(34368K)->34069K(34368K) Class: 4280K(4480K)->4280K(4480K)
[2024-06-19T22:44:56.966+0900][gc          ] GC(8) Pause Young (Mixed) (G1 Evacuation Pause) 192M->144M(1024M) 21.196ms
[2024-06-19T22:44:56.966+0900][gc,cpu      ] GC(8) User=0.02s Sys=0.01s Real=0.02s
[2024-06-19T22:45:18.359+0900][gc,start    ] GC(9) Pause Young (Normal) (G1 Evacuation Pause)
[2024-06-19T22:45:18.360+0900][gc,task     ] GC(9) Using 8 workers of 8 for evacuation
[2024-06-19T22:45:18.371+0900][gc,phases   ] GC(9)   Pre Evacuate Collection Set: 0.8ms
[2024-06-19T22:45:18.371+0900][gc,phases   ] GC(9)   Merge Heap Roots: 0.2ms
[2024-06-19T22:45:18.371+0900][gc,phases   ] GC(9)   Evacuate Collection Set: 9.2ms
[2024-06-19T22:45:18.371+0900][gc,phases   ] GC(9)   Post Evacuate Collection Set: 0.7ms
[2024-06-19T22:45:18.371+0900][gc,phases   ] GC(9)   Other: 0.1ms
[2024-06-19T22:45:18.371+0900][gc,heap     ] GC(9) Eden regions: 48->0(48)
[2024-06-19T22:45:18.371+0900][gc,heap     ] GC(9) Survivor regions: 3->3(7)
[2024-06-19T22:45:18.371+0900][gc,heap     ] GC(9) Old regions: 14->14
[2024-06-19T22:45:18.371+0900][gc,heap     ] GC(9) Humongous regions: 129->129
[2024-06-19T22:45:18.371+0900][gc,metaspace] GC(9) Metaspace: 38375K(38912K)->38375K(38912K) NonClass: 34094K(34432K)->34094K(34432K) Class: 4280K(4480K)->4280K(4480K)
[2024-06-19T22:45:18.371+0900][gc          ] GC(9) Pause Young (Normal) (G1 Evacuation Pause) 192M->144M(1024M) 11.712ms
[2024-06-19T22:45:18.371+0900][gc,cpu      ] GC(9) User=0.02s Sys=0.01s Real=0.02s
[2024-06-19T22:45:37.589+0900][gc,start    ] GC(10) Pause Young (Normal) (G1 Evacuation Pause)
[2024-06-19T22:45:37.590+0900][gc,task     ] GC(10) Using 8 workers of 8 for evacuation
[2024-06-19T22:45:37.600+0900][gc,phases   ] GC(10)   Pre Evacuate Collection Set: 0.6ms
[2024-06-19T22:45:37.600+0900][gc,phases   ] GC(10)   Merge Heap Roots: 0.1ms
[2024-06-19T22:45:37.600+0900][gc,phases   ] GC(10)   Evacuate Collection Set: 8.3ms
[2024-06-19T22:45:37.600+0900][gc,phases   ] GC(10)   Post Evacuate Collection Set: 0.5ms
[2024-06-19T22:45:37.600+0900][gc,phases   ] GC(10)   Other: 0.2ms
[2024-06-19T22:45:37.600+0900][gc,heap     ] GC(10) Eden regions: 48->0(52)
[2024-06-19T22:45:37.600+0900][gc,heap     ] GC(10) Survivor regions: 3->3(7)
[2024-06-19T22:45:37.600+0900][gc,heap     ] GC(10) Old regions: 14->14
[2024-06-19T22:45:37.600+0900][gc,heap     ] GC(10) Humongous regions: 129->129
[2024-06-19T22:45:37.600+0900][gc,metaspace] GC(10) Metaspace: 38381K(38912K)->38381K(38912K) NonClass: 34101K(34432K)->34101K(34432K) Class: 4280K(4480K)->4280K(4480K)
[2024-06-19T22:45:37.600+0900][gc          ] GC(10) Pause Young (Normal) (G1 Evacuation Pause) 192M->144M(1024M) 10.456ms
[2024-06-19T22:45:37.600+0900][gc,cpu      ] GC(10) User=0.02s Sys=0.01s Real=0.02s
[2024-06-19T22:45:56.917+0900][gc,start    ] GC(11) Pause Young (Normal) (G1 Evacuation Pause)
[2024-06-19T22:45:56.917+0900][gc,task     ] GC(11) Using 8 workers of 8 for evacuation
[2024-06-19T22:45:56.926+0900][gc,phases   ] GC(11)   Pre Evacuate Collection Set: 0.4ms
[2024-06-19T22:45:56.926+0900][gc,phases   ] GC(11)   Merge Heap Roots: 0.1ms
[2024-06-19T22:45:56.926+0900][gc,phases   ] GC(11)   Evacuate Collection Set: 7.1ms
[2024-06-19T22:45:56.926+0900][gc,phases   ] GC(11)   Post Evacuate Collection Set: 0.6ms
[2024-06-19T22:45:56.926+0900][gc,phases   ] GC(11)   Other: 0.1ms
[2024-06-19T22:45:56.926+0900][gc,heap     ] GC(11) Eden regions: 52->0(184)
[2024-06-19T22:45:56.926+0900][gc,heap     ] GC(11) Survivor regions: 3->3(7)
[2024-06-19T22:45:56.926+0900][gc,heap     ] GC(11) Old regions: 14->14
[2024-06-19T22:45:56.926+0900][gc,heap     ] GC(11) Humongous regions: 129->129
[2024-06-19T22:45:56.926+0900][gc,metaspace] GC(11) Metaspace: 38404K(38912K)->38404K(38912K) NonClass: 34123K(34432K)->34123K(34432K) Class: 4280K(4480K)->4280K(4480K)
[2024-06-19T22:45:56.926+0900][gc          ] GC(11) Pause Young (Normal) (G1 Evacuation Pause) 196M->144M(1024M) 8.997ms
[2024-06-19T22:45:56.926+0900][gc,cpu      ] GC(11) User=0.01s Sys=0.00s Real=0.01s
[2024-06-19T22:46:40.289+0900][gc,heap,exit] Heap
[2024-06-19T22:46:40.289+0900][gc,heap,exit]  garbage-first heap   total 1048576K, used 247393K [0x00000007c0000000, 0x0000000800000000)
[2024-06-19T22:46:40.289+0900][gc,heap,exit]   region size 1024K, 100 young (102400K), 3 survivors (3072K)
[2024-06-19T22:46:40.289+0900][gc,heap,exit]  Metaspace       used 39046K, committed 39552K, reserved 1114112K
[2024-06-19T22:46:40.289+0900][gc,heap,exit]   class space    used 4409K, committed 4608K, reserved 1048576K
