[2024-09-22T14:00:36.857+0900][gc,init] CardTable entry size: 512
[2024-09-22T14:00:36.857+0900][gc     ] Using G1
[2024-09-22T14:00:36.858+0900][gc,init] Version: 21.0.1+12-29 (release)
[2024-09-22T14:00:36.858+0900][gc,init] CPUs: 8 total, 8 available
[2024-09-22T14:00:36.858+0900][gc,init] Memory: 16384M
[2024-09-22T14:00:36.858+0900][gc,init] Large Page Support: Disabled
[2024-09-22T14:00:36.858+0900][gc,init] NUMA Support: Disabled
[2024-09-22T14:00:36.858+0900][gc,init] Compressed Oops: Enabled (Zero based)
[2024-09-22T14:00:36.858+0900][gc,init] Heap Region Size: 1M
[2024-09-22T14:00:36.858+0900][gc,init] Heap Min Capacity: 1G
[2024-09-22T14:00:36.858+0900][gc,init] Heap Initial Capacity: 1G
[2024-09-22T14:00:36.858+0900][gc,init] Heap Max Capacity: 1G
[2024-09-22T14:00:36.858+0900][gc,init] Pre-touch: Disabled
[2024-09-22T14:00:36.858+0900][gc,init] Parallel Workers: 8
[2024-09-22T14:00:36.858+0900][gc,init] Concurrent Workers: 2
[2024-09-22T14:00:36.858+0900][gc,init] Concurrent Refinement Workers: 8
[2024-09-22T14:00:36.858+0900][gc,init] Periodic GC: Disabled
[2024-09-22T14:00:36.861+0900][gc,metaspace] CDS archive(s) mapped at: [0x000000f800000000-0x000000f800ca4000-0x000000f800ca4000), size 13254656, SharedBaseAddress: 0x000000f800000000, ArchiveRelocationMode: 1.
[2024-09-22T14:00:36.861+0900][gc,metaspace] Compressed class space mapped at: 0x000000f801000000-0x000000f841000000, reserved size: 1073741824
[2024-09-22T14:00:36.861+0900][gc,metaspace] Narrow klass base: 0x000000f800000000, Narrow klass shift: 0, Narrow klass range: 0x100000000
[2024-09-22T14:00:37.538+0900][gc,start    ] GC(0) Pause Young (Normal) (G1 Evacuation Pause)
[2024-09-22T14:00:37.538+0900][gc,task     ] GC(0) Using 8 workers of 8 for evacuation
[2024-09-22T14:00:37.540+0900][gc,phases   ] GC(0)   Pre Evacuate Collection Set: 0.1ms
[2024-09-22T14:00:37.540+0900][gc,phases   ] GC(0)   Merge Heap Roots: 0.0ms
[2024-09-22T14:00:37.540+0900][gc,phases   ] GC(0)   Evacuate Collection Set: 1.9ms
[2024-09-22T14:00:37.540+0900][gc,phases   ] GC(0)   Post Evacuate Collection Set: 0.2ms
[2024-09-22T14:00:37.540+0900][gc,phases   ] GC(0)   Other: 0.1ms
[2024-09-22T14:00:37.540+0900][gc,heap     ] GC(0) Eden regions: 51->0(44)
[2024-09-22T14:00:37.540+0900][gc,heap     ] GC(0) Survivor regions: 0->7(7)
[2024-09-22T14:00:37.540+0900][gc,heap     ] GC(0) Old regions: 2->3
[2024-09-22T14:00:37.540+0900][gc,heap     ] GC(0) Humongous regions: 0->0
[2024-09-22T14:00:37.540+0900][gc,metaspace] GC(0) Metaspace: 19471K(19712K)->19471K(19712K) NonClass: 17192K(17344K)->17192K(17344K) Class: 2278K(2368K)->2278K(2368K)
[2024-09-22T14:00:37.540+0900][gc          ] GC(0) Pause Young (Normal) (G1 Evacuation Pause) 52M->8M(1024M) 2.493ms
[2024-09-22T14:00:37.540+0900][gc,cpu      ] GC(0) User=0.01s Sys=0.00s Real=0.01s
[2024-09-22T14:00:40.595+0900][gc,heap,exit] Heap
[2024-09-22T14:00:40.595+0900][gc,heap,exit]  garbage-first heap   total 1048576K, used 15673K [0x00000007c0000000, 0x0000000800000000)
[2024-09-22T14:00:40.595+0900][gc,heap,exit]   region size 1024K, 15 young (15360K), 7 survivors (7168K)
[2024-09-22T14:00:40.595+0900][gc,heap,exit]  Metaspace       used 21210K, committed 21376K, reserved 1114112K
[2024-09-22T14:00:40.595+0900][gc,heap,exit]   class space    used 2496K, committed 2560K, reserved 1048576K
