[2024-09-21T21:37:16.826+0900][gc,init] CardTable entry size: 512
[2024-09-21T21:37:16.826+0900][gc     ] Using G1
[2024-09-21T21:37:16.827+0900][gc,init] Version: 21.0.1+12-29 (release)
[2024-09-21T21:37:16.827+0900][gc,init] CPUs: 8 total, 8 available
[2024-09-21T21:37:16.827+0900][gc,init] Memory: 16384M
[2024-09-21T21:37:16.827+0900][gc,init] Large Page Support: Disabled
[2024-09-21T21:37:16.827+0900][gc,init] NUMA Support: Disabled
[2024-09-21T21:37:16.827+0900][gc,init] Compressed Oops: Enabled (Zero based)
[2024-09-21T21:37:16.827+0900][gc,init] Heap Region Size: 1M
[2024-09-21T21:37:16.827+0900][gc,init] Heap Min Capacity: 1G
[2024-09-21T21:37:16.827+0900][gc,init] Heap Initial Capacity: 1G
[2024-09-21T21:37:16.827+0900][gc,init] Heap Max Capacity: 1G
[2024-09-21T21:37:16.827+0900][gc,init] Pre-touch: Disabled
[2024-09-21T21:37:16.827+0900][gc,init] Parallel Workers: 8
[2024-09-21T21:37:16.827+0900][gc,init] Concurrent Workers: 2
[2024-09-21T21:37:16.827+0900][gc,init] Concurrent Refinement Workers: 8
[2024-09-21T21:37:16.827+0900][gc,init] Periodic GC: Disabled
[2024-09-21T21:37:16.830+0900][gc,metaspace] CDS archive(s) mapped at: [0x0000007000000000-0x0000007000ca4000-0x0000007000ca4000), size 13254656, SharedBaseAddress: 0x0000007000000000, ArchiveRelocationMode: 1.
[2024-09-21T21:37:16.830+0900][gc,metaspace] Compressed class space mapped at: 0x0000007001000000-0x0000007041000000, reserved size: 1073741824
[2024-09-21T21:37:16.830+0900][gc,metaspace] Narrow klass base: 0x0000007000000000, Narrow klass shift: 0, Narrow klass range: 0x100000000
[2024-09-21T21:37:17.557+0900][gc,start    ] GC(0) Pause Young (Normal) (G1 Evacuation Pause)
[2024-09-21T21:37:17.557+0900][gc,task     ] GC(0) Using 8 workers of 8 for evacuation
[2024-09-21T21:37:17.560+0900][gc,phases   ] GC(0)   Pre Evacuate Collection Set: 0.1ms
[2024-09-21T21:37:17.560+0900][gc,phases   ] GC(0)   Merge Heap Roots: 0.0ms
[2024-09-21T21:37:17.560+0900][gc,phases   ] GC(0)   Evacuate Collection Set: 2.0ms
[2024-09-21T21:37:17.560+0900][gc,phases   ] GC(0)   Post Evacuate Collection Set: 0.2ms
[2024-09-21T21:37:17.560+0900][gc,phases   ] GC(0)   Other: 0.2ms
[2024-09-21T21:37:17.560+0900][gc,heap     ] GC(0) Eden regions: 51->0(44)
[2024-09-21T21:37:17.560+0900][gc,heap     ] GC(0) Survivor regions: 0->7(7)
[2024-09-21T21:37:17.560+0900][gc,heap     ] GC(0) Old regions: 2->3
[2024-09-21T21:37:17.560+0900][gc,heap     ] GC(0) Humongous regions: 0->0
[2024-09-21T21:37:17.560+0900][gc,metaspace] GC(0) Metaspace: 19479K(19648K)->19479K(19648K) NonClass: 17199K(17280K)->17199K(17280K) Class: 2280K(2368K)->2280K(2368K)
[2024-09-21T21:37:17.560+0900][gc          ] GC(0) Pause Young (Normal) (G1 Evacuation Pause) 52M->8M(1024M) 2.650ms
[2024-09-21T21:37:17.560+0900][gc,cpu      ] GC(0) User=0.01s Sys=0.00s Real=0.01s
[2024-09-21T21:37:17.609+0900][gc,start    ] GC(1) Pause Young (Concurrent Start) (Metadata GC Threshold)
[2024-09-21T21:37:17.609+0900][gc,task     ] GC(1) Using 8 workers of 8 for evacuation
[2024-09-21T21:37:17.611+0900][gc,phases   ] GC(1)   Pre Evacuate Collection Set: 0.1ms
[2024-09-21T21:37:17.611+0900][gc,phases   ] GC(1)   Merge Heap Roots: 0.0ms
[2024-09-21T21:37:17.611+0900][gc,phases   ] GC(1)   Evacuate Collection Set: 1.8ms
[2024-09-21T21:37:17.611+0900][gc,phases   ] GC(1)   Post Evacuate Collection Set: 0.1ms
[2024-09-21T21:37:17.611+0900][gc,phases   ] GC(1)   Other: 0.0ms
[2024-09-21T21:37:17.611+0900][gc,heap     ] GC(1) Eden regions: 7->0(50)
[2024-09-21T21:37:17.611+0900][gc,heap     ] GC(1) Survivor regions: 7->1(7)
[2024-09-21T21:37:17.611+0900][gc,heap     ] GC(1) Old regions: 3->10
[2024-09-21T21:37:17.611+0900][gc,heap     ] GC(1) Humongous regions: 0->0
[2024-09-21T21:37:17.611+0900][gc,metaspace] GC(1) Metaspace: 21308K(21504K)->21308K(21504K) NonClass: 18815K(18944K)->18815K(18944K) Class: 2493K(2560K)->2493K(2560K)
[2024-09-21T21:37:17.611+0900][gc          ] GC(1) Pause Young (Concurrent Start) (Metadata GC Threshold) 15M->9M(1024M) 2.181ms
[2024-09-21T21:37:17.611+0900][gc          ] GC(2) Concurrent Mark Cycle
[2024-09-21T21:37:17.611+0900][gc,cpu      ] GC(1) User=0.02s Sys=0.01s Real=0.01s
[2024-09-21T21:37:17.611+0900][gc,marking  ] GC(2) Concurrent Scan Root Regions
[2024-09-21T21:37:17.612+0900][gc,marking  ] GC(2) Concurrent Scan Root Regions 1.256ms
[2024-09-21T21:37:17.612+0900][gc,marking  ] GC(2) Concurrent Mark
[2024-09-21T21:37:17.612+0900][gc,marking  ] GC(2) Concurrent Mark From Roots
[2024-09-21T21:37:17.612+0900][gc,task     ] GC(2) Using 2 workers of 2 for marking
[2024-09-21T21:37:17.613+0900][gc,marking  ] GC(2) Concurrent Mark From Roots 0.710ms
[2024-09-21T21:37:17.613+0900][gc,marking  ] GC(2) Concurrent Preclean
[2024-09-21T21:37:17.613+0900][gc,marking  ] GC(2) Concurrent Preclean 0.006ms
[2024-09-21T21:37:17.613+0900][gc,start    ] GC(2) Pause Remark
[2024-09-21T21:37:17.614+0900][gc          ] GC(2) Pause Remark 10M->10M(1024M) 0.744ms
[2024-09-21T21:37:17.614+0900][gc,cpu      ] GC(2) User=0.01s Sys=0.00s Real=0.00s
[2024-09-21T21:37:17.614+0900][gc,marking  ] GC(2) Concurrent Mark 1.544ms
[2024-09-21T21:37:17.614+0900][gc,marking  ] GC(2) Concurrent Rebuild Remembered Sets and Scrub Regions
[2024-09-21T21:37:17.615+0900][gc,marking  ] GC(2) Concurrent Rebuild Remembered Sets and Scrub Regions 1.007ms
[2024-09-21T21:37:17.615+0900][gc,start    ] GC(2) Pause Cleanup
[2024-09-21T21:37:17.615+0900][gc          ] GC(2) Pause Cleanup 10M->10M(1024M) 0.051ms
[2024-09-21T21:37:17.615+0900][gc,cpu      ] GC(2) User=0.00s Sys=0.00s Real=0.00s
[2024-09-21T21:37:17.615+0900][gc,marking  ] GC(2) Concurrent Clear Claimed Marks
[2024-09-21T21:37:17.615+0900][gc,marking  ] GC(2) Concurrent Clear Claimed Marks 0.007ms
[2024-09-21T21:37:17.615+0900][gc,marking  ] GC(2) Concurrent Cleanup for Next Mark
[2024-09-21T21:37:17.616+0900][gc,marking  ] GC(2) Concurrent Cleanup for Next Mark 1.120ms
[2024-09-21T21:37:17.616+0900][gc          ] GC(2) Concurrent Mark Cycle 5.074ms
[2024-09-21T21:37:18.073+0900][gc,start    ] GC(3) Pause Young (Prepare Mixed) (G1 Evacuation Pause)
[2024-09-21T21:37:18.073+0900][gc,task     ] GC(3) Using 8 workers of 8 for evacuation
[2024-09-21T21:37:18.075+0900][gc,phases   ] GC(3)   Pre Evacuate Collection Set: 0.2ms
[2024-09-21T21:37:18.075+0900][gc,phases   ] GC(3)   Merge Heap Roots: 0.0ms
[2024-09-21T21:37:18.075+0900][gc,phases   ] GC(3)   Evacuate Collection Set: 2.0ms
[2024-09-21T21:37:18.075+0900][gc,phases   ] GC(3)   Post Evacuate Collection Set: 0.2ms
[2024-09-21T21:37:18.075+0900][gc,phases   ] GC(3)   Other: 0.0ms
[2024-09-21T21:37:18.075+0900][gc,heap     ] GC(3) Eden regions: 50->0(45)
[2024-09-21T21:37:18.075+0900][gc,heap     ] GC(3) Survivor regions: 1->6(7)
[2024-09-21T21:37:18.075+0900][gc,heap     ] GC(3) Old regions: 10->10
[2024-09-21T21:37:18.075+0900][gc,heap     ] GC(3) Humongous regions: 129->129
[2024-09-21T21:37:18.075+0900][gc,metaspace] GC(3) Metaspace: 33651K(33920K)->33651K(33920K) NonClass: 29984K(30144K)->29984K(30144K) Class: 3666K(3776K)->3666K(3776K)
[2024-09-21T21:37:18.075+0900][gc          ] GC(3) Pause Young (Prepare Mixed) (G1 Evacuation Pause) 188M->142M(1024M) 2.537ms
[2024-09-21T21:37:18.075+0900][gc,cpu      ] GC(3) User=0.01s Sys=0.00s Real=0.00s
[2024-09-21T21:39:51.065+0900][gc,heap,exit] Heap
[2024-09-21T21:39:51.065+0900][gc,heap,exit]  garbage-first heap   total 1048576K, used 167604K [0x00000007c0000000, 0x0000000800000000)
[2024-09-21T21:39:51.065+0900][gc,heap,exit]   region size 1024K, 27 young (27648K), 6 survivors (6144K)
[2024-09-21T21:39:51.065+0900][gc,heap,exit]  Metaspace       used 35250K, committed 35520K, reserved 1114112K
[2024-09-21T21:39:51.065+0900][gc,heap,exit]   class space    used 3841K, committed 3968K, reserved 1048576K
