[2024-06-18T21:23:11.006+0900][gc,init] CardTable entry size: 512
[2024-06-18T21:23:11.006+0900][gc     ] Using G1
[2024-06-18T21:23:11.007+0900][gc,init] Version: 21.0.1+12-29 (release)
[2024-06-18T21:23:11.007+0900][gc,init] CPUs: 8 total, 8 available
[2024-06-18T21:23:11.007+0900][gc,init] Memory: 16384M
[2024-06-18T21:23:11.007+0900][gc,init] Large Page Support: Disabled
[2024-06-18T21:23:11.007+0900][gc,init] NUMA Support: Disabled
[2024-06-18T21:23:11.007+0900][gc,init] Compressed Oops: Enabled (Zero based)
[2024-06-18T21:23:11.007+0900][gc,init] Heap Region Size: 1M
[2024-06-18T21:23:11.007+0900][gc,init] Heap Min Capacity: 1G
[2024-06-18T21:23:11.007+0900][gc,init] Heap Initial Capacity: 1G
[2024-06-18T21:23:11.007+0900][gc,init] Heap Max Capacity: 1G
[2024-06-18T21:23:11.007+0900][gc,init] Pre-touch: Disabled
[2024-06-18T21:23:11.007+0900][gc,init] Parallel Workers: 8
[2024-06-18T21:23:11.007+0900][gc,init] Concurrent Workers: 2
[2024-06-18T21:23:11.007+0900][gc,init] Concurrent Refinement Workers: 8
[2024-06-18T21:23:11.007+0900][gc,init] Periodic GC: Disabled
[2024-06-18T21:23:11.011+0900][gc,metaspace] CDS archive(s) mapped at: [0x0000000300000000-0x0000000300ca4000-0x0000000300ca4000), size 13254656, SharedBaseAddress: 0x0000000300000000, ArchiveRelocationMode: 1.
[2024-06-18T21:23:11.011+0900][gc,metaspace] Compressed class space mapped at: 0x0000000301000000-0x0000000341000000, reserved size: 1073741824
[2024-06-18T21:23:11.011+0900][gc,metaspace] Narrow klass base: 0x0000000300000000, Narrow klass shift: 0, Narrow klass range: 0x100000000
[2024-06-18T21:23:11.766+0900][gc,start    ] GC(0) Pause Young (Normal) (G1 Evacuation Pause)
[2024-06-18T21:23:11.767+0900][gc,task     ] GC(0) Using 8 workers of 8 for evacuation
[2024-06-18T21:23:11.769+0900][gc,phases   ] GC(0)   Pre Evacuate Collection Set: 0.1ms
[2024-06-18T21:23:11.769+0900][gc,phases   ] GC(0)   Merge Heap Roots: 0.0ms
[2024-06-18T21:23:11.769+0900][gc,phases   ] GC(0)   Evacuate Collection Set: 2.4ms
[2024-06-18T21:23:11.769+0900][gc,phases   ] GC(0)   Post Evacuate Collection Set: 0.2ms
[2024-06-18T21:23:11.769+0900][gc,phases   ] GC(0)   Other: 0.2ms
[2024-06-18T21:23:11.769+0900][gc,heap     ] GC(0) Eden regions: 51->0(44)
[2024-06-18T21:23:11.769+0900][gc,heap     ] GC(0) Survivor regions: 0->7(7)
[2024-06-18T21:23:11.769+0900][gc,heap     ] GC(0) Old regions: 2->3
[2024-06-18T21:23:11.769+0900][gc,heap     ] GC(0) Humongous regions: 0->0
[2024-06-18T21:23:11.769+0900][gc,metaspace] GC(0) Metaspace: 19443K(19648K)->19443K(19648K) NonClass: 17168K(17280K)->17168K(17280K) Class: 2274K(2368K)->2274K(2368K)
[2024-06-18T21:23:11.769+0900][gc          ] GC(0) Pause Young (Normal) (G1 Evacuation Pause) 52M->8M(1024M) 3.043ms
[2024-06-18T21:23:11.769+0900][gc,cpu      ] GC(0) User=0.01s Sys=0.00s Real=0.00s
[2024-06-18T21:23:11.829+0900][gc,start    ] GC(1) Pause Young (Concurrent Start) (Metadata GC Threshold)
[2024-06-18T21:23:11.829+0900][gc,task     ] GC(1) Using 8 workers of 8 for evacuation
[2024-06-18T21:23:11.831+0900][gc,phases   ] GC(1)   Pre Evacuate Collection Set: 0.2ms
[2024-06-18T21:23:11.831+0900][gc,phases   ] GC(1)   Merge Heap Roots: 0.0ms
[2024-06-18T21:23:11.831+0900][gc,phases   ] GC(1)   Evacuate Collection Set: 1.9ms
[2024-06-18T21:23:11.831+0900][gc,phases   ] GC(1)   Post Evacuate Collection Set: 0.2ms
[2024-06-18T21:23:11.831+0900][gc,phases   ] GC(1)   Other: 0.0ms
[2024-06-18T21:23:11.831+0900][gc,heap     ] GC(1) Eden regions: 7->0(49)
[2024-06-18T21:23:11.831+0900][gc,heap     ] GC(1) Survivor regions: 7->2(7)
[2024-06-18T21:23:11.831+0900][gc,heap     ] GC(1) Old regions: 3->10
[2024-06-18T21:23:11.831+0900][gc,heap     ] GC(1) Humongous regions: 0->0
[2024-06-18T21:23:11.831+0900][gc,metaspace] GC(1) Metaspace: 21303K(21504K)->21303K(21504K) NonClass: 18818K(18944K)->18818K(18944K) Class: 2485K(2560K)->2485K(2560K)
[2024-06-18T21:23:11.831+0900][gc          ] GC(1) Pause Young (Concurrent Start) (Metadata GC Threshold) 14M->9M(1024M) 2.414ms
[2024-06-18T21:23:11.831+0900][gc          ] GC(2) Concurrent Mark Cycle
[2024-06-18T21:23:11.831+0900][gc,cpu      ] GC(1) User=0.02s Sys=0.00s Real=0.01s
[2024-06-18T21:23:11.831+0900][gc,marking  ] GC(2) Concurrent Scan Root Regions
[2024-06-18T21:23:11.833+0900][gc,marking  ] GC(2) Concurrent Scan Root Regions 1.446ms
[2024-06-18T21:23:11.833+0900][gc,marking  ] GC(2) Concurrent Mark
[2024-06-18T21:23:11.833+0900][gc,marking  ] GC(2) Concurrent Mark From Roots
[2024-06-18T21:23:11.833+0900][gc,task     ] GC(2) Using 2 workers of 2 for marking
[2024-06-18T21:23:11.833+0900][gc,marking  ] GC(2) Concurrent Mark From Roots 0.826ms
[2024-06-18T21:23:11.833+0900][gc,marking  ] GC(2) Concurrent Preclean
[2024-06-18T21:23:11.833+0900][gc,marking  ] GC(2) Concurrent Preclean 0.006ms
[2024-06-18T21:23:11.834+0900][gc,start    ] GC(2) Pause Remark
[2024-06-18T21:23:11.834+0900][gc          ] GC(2) Pause Remark 9M->9M(1024M) 0.877ms
[2024-06-18T21:23:11.834+0900][gc,cpu      ] GC(2) User=0.01s Sys=0.00s Real=0.00s
[2024-06-18T21:23:11.834+0900][gc,marking  ] GC(2) Concurrent Mark 1.812ms
[2024-06-18T21:23:11.834+0900][gc,marking  ] GC(2) Concurrent Rebuild Remembered Sets and Scrub Regions
[2024-06-18T21:23:11.835+0900][gc,marking  ] GC(2) Concurrent Rebuild Remembered Sets and Scrub Regions 0.998ms
[2024-06-18T21:23:11.835+0900][gc,start    ] GC(2) Pause Cleanup
[2024-06-18T21:23:11.836+0900][gc          ] GC(2) Pause Cleanup 9M->9M(1024M) 0.066ms
[2024-06-18T21:23:11.836+0900][gc,cpu      ] GC(2) User=0.00s Sys=0.00s Real=0.00s
[2024-06-18T21:23:11.836+0900][gc,marking  ] GC(2) Concurrent Clear Claimed Marks
[2024-06-18T21:23:11.836+0900][gc,marking  ] GC(2) Concurrent Clear Claimed Marks 0.008ms
[2024-06-18T21:23:11.836+0900][gc,marking  ] GC(2) Concurrent Cleanup for Next Mark
[2024-06-18T21:23:11.837+0900][gc,marking  ] GC(2) Concurrent Cleanup for Next Mark 1.256ms
[2024-06-18T21:23:11.837+0900][gc          ] GC(2) Concurrent Mark Cycle 5.688ms
[2024-06-18T21:23:12.203+0900][gc,start    ] GC(3) Pause Young (Prepare Mixed) (G1 Evacuation Pause)
[2024-06-18T21:23:12.203+0900][gc,task     ] GC(3) Using 8 workers of 8 for evacuation
[2024-06-18T21:23:12.205+0900][gc,phases   ] GC(3)   Pre Evacuate Collection Set: 0.1ms
[2024-06-18T21:23:12.205+0900][gc,phases   ] GC(3)   Merge Heap Roots: 0.0ms
[2024-06-18T21:23:12.205+0900][gc,phases   ] GC(3)   Evacuate Collection Set: 1.5ms
[2024-06-18T21:23:12.205+0900][gc,phases   ] GC(3)   Post Evacuate Collection Set: 0.2ms
[2024-06-18T21:23:12.205+0900][gc,phases   ] GC(3)   Other: 0.0ms
[2024-06-18T21:23:12.205+0900][gc,heap     ] GC(3) Eden regions: 49->0(45)
[2024-06-18T21:23:12.205+0900][gc,heap     ] GC(3) Survivor regions: 2->6(7)
[2024-06-18T21:23:12.205+0900][gc,heap     ] GC(3) Old regions: 10->10
[2024-06-18T21:23:12.205+0900][gc,heap     ] GC(3) Humongous regions: 129->129
[2024-06-18T21:23:12.205+0900][gc,metaspace] GC(3) Metaspace: 34069K(34432K)->34069K(34432K) NonClass: 30373K(30592K)->30373K(30592K) Class: 3695K(3840K)->3695K(3840K)
[2024-06-18T21:23:12.205+0900][gc          ] GC(3) Pause Young (Prepare Mixed) (G1 Evacuation Pause) 187M->143M(1024M) 1.956ms
[2024-06-18T21:23:12.205+0900][gc,cpu      ] GC(3) User=0.01s Sys=0.00s Real=0.00s
[2024-06-18T21:23:12.259+0900][gc,start    ] GC(4) Pause Young (Mixed) (Metadata GC Threshold)
[2024-06-18T21:23:12.259+0900][gc,task     ] GC(4) Using 8 workers of 8 for evacuation
[2024-06-18T21:23:12.262+0900][gc,phases   ] GC(4)   Pre Evacuate Collection Set: 0.2ms
[2024-06-18T21:23:12.262+0900][gc,phases   ] GC(4)   Merge Heap Roots: 0.0ms
[2024-06-18T21:23:12.262+0900][gc,phases   ] GC(4)   Evacuate Collection Set: 2.7ms
[2024-06-18T21:23:12.262+0900][gc,phases   ] GC(4)   Post Evacuate Collection Set: 0.2ms
[2024-06-18T21:23:12.262+0900][gc,phases   ] GC(4)   Other: 0.0ms
[2024-06-18T21:23:12.262+0900][gc,heap     ] GC(4) Eden regions: 8->0(49)
[2024-06-18T21:23:12.262+0900][gc,heap     ] GC(4) Survivor regions: 6->2(7)
[2024-06-18T21:23:12.262+0900][gc,heap     ] GC(4) Old regions: 10->14
[2024-06-18T21:23:12.262+0900][gc,heap     ] GC(4) Humongous regions: 129->129
[2024-06-18T21:23:12.262+0900][gc,metaspace] GC(4) Metaspace: 35672K(36096K)->35672K(36096K) NonClass: 31736K(31936K)->31736K(31936K) Class: 3935K(4160K)->3935K(4160K)
[2024-06-18T21:23:12.262+0900][gc          ] GC(4) Pause Young (Mixed) (Metadata GC Threshold) 150M->143M(1024M) 3.200ms
[2024-06-18T21:23:12.262+0900][gc,cpu      ] GC(4) User=0.01s Sys=0.00s Real=0.01s
[2024-06-18T21:23:12.274+0900][gc,start    ] GC(5) Pause Young (Concurrent Start) (Metadata GC Threshold)
[2024-06-18T21:23:12.274+0900][gc,task     ] GC(5) Using 8 workers of 8 for evacuation
[2024-06-18T21:23:12.274+0900][gc,phases   ] GC(5)   Pre Evacuate Collection Set: 0.2ms
[2024-06-18T21:23:12.274+0900][gc,phases   ] GC(5)   Merge Heap Roots: 0.0ms
[2024-06-18T21:23:12.274+0900][gc,phases   ] GC(5)   Evacuate Collection Set: 0.5ms
[2024-06-18T21:23:12.274+0900][gc,phases   ] GC(5)   Post Evacuate Collection Set: 0.1ms
[2024-06-18T21:23:12.274+0900][gc,phases   ] GC(5)   Other: 0.0ms
[2024-06-18T21:23:12.274+0900][gc,heap     ] GC(5) Eden regions: 3->0(50)
[2024-06-18T21:23:12.274+0900][gc,heap     ] GC(5) Survivor regions: 2->1(7)
[2024-06-18T21:23:12.274+0900][gc,heap     ] GC(5) Old regions: 14->14
[2024-06-18T21:23:12.274+0900][gc,heap     ] GC(5) Humongous regions: 129->129
[2024-06-18T21:23:12.274+0900][gc,metaspace] GC(5) Metaspace: 35939K(36416K)->35939K(36416K) NonClass: 31936K(32192K)->31936K(32192K) Class: 4002K(4224K)->4002K(4224K)
[2024-06-18T21:23:12.274+0900][gc          ] GC(5) Pause Young (Concurrent Start) (Metadata GC Threshold) 146M->143M(1024M) 0.889ms
[2024-06-18T21:23:12.274+0900][gc          ] GC(6) Concurrent Mark Cycle
[2024-06-18T21:23:12.274+0900][gc,cpu      ] GC(5) User=0.00s Sys=0.00s Real=0.00s
[2024-06-18T21:23:12.274+0900][gc,marking  ] GC(6) Concurrent Scan Root Regions
[2024-06-18T21:23:12.275+0900][gc,marking  ] GC(6) Concurrent Scan Root Regions 0.692ms
[2024-06-18T21:23:12.275+0900][gc,marking  ] GC(6) Concurrent Mark
[2024-06-18T21:23:12.275+0900][gc,marking  ] GC(6) Concurrent Mark From Roots
[2024-06-18T21:23:12.275+0900][gc,task     ] GC(6) Using 2 workers of 2 for marking
[2024-06-18T21:23:12.280+0900][gc,marking  ] GC(6) Concurrent Mark From Roots 5.140ms
[2024-06-18T21:23:12.280+0900][gc,marking  ] GC(6) Concurrent Preclean
[2024-06-18T21:23:12.280+0900][gc,marking  ] GC(6) Concurrent Preclean 0.029ms
[2024-06-18T21:23:12.280+0900][gc,start    ] GC(6) Pause Remark
[2024-06-18T21:23:12.282+0900][gc          ] GC(6) Pause Remark 143M->143M(1024M) 1.282ms
[2024-06-18T21:23:12.282+0900][gc,cpu      ] GC(6) User=0.00s Sys=0.00s Real=0.00s
[2024-06-18T21:23:12.282+0900][gc,marking  ] GC(6) Concurrent Mark 6.551ms
[2024-06-18T21:23:12.282+0900][gc,marking  ] GC(6) Concurrent Rebuild Remembered Sets and Scrub Regions
[2024-06-18T21:23:12.284+0900][gc,marking  ] GC(6) Concurrent Rebuild Remembered Sets and Scrub Regions 2.218ms
[2024-06-18T21:23:12.284+0900][gc,start    ] GC(6) Pause Cleanup
[2024-06-18T21:23:12.284+0900][gc          ] GC(6) Pause Cleanup 144M->144M(1024M) 0.065ms
[2024-06-18T21:23:12.284+0900][gc,cpu      ] GC(6) User=0.00s Sys=0.00s Real=0.00s
[2024-06-18T21:23:12.284+0900][gc,marking  ] GC(6) Concurrent Clear Claimed Marks
[2024-06-18T21:23:12.284+0900][gc,marking  ] GC(6) Concurrent Clear Claimed Marks 0.010ms
[2024-06-18T21:23:12.284+0900][gc,marking  ] GC(6) Concurrent Cleanup for Next Mark
[2024-06-18T21:23:12.285+0900][gc,marking  ] GC(6) Concurrent Cleanup for Next Mark 0.861ms
[2024-06-18T21:23:12.285+0900][gc          ] GC(6) Concurrent Mark Cycle 10.547ms
[2024-06-18T21:23:59.029+0900][gc,start    ] GC(7) Pause Young (Prepare Mixed) (G1 Evacuation Pause)
[2024-06-18T21:23:59.030+0900][gc,task     ] GC(7) Using 8 workers of 8 for evacuation
[2024-06-18T21:23:59.038+0900][gc,phases   ] GC(7)   Pre Evacuate Collection Set: 0.8ms
[2024-06-18T21:23:59.038+0900][gc,phases   ] GC(7)   Merge Heap Roots: 0.1ms
[2024-06-18T21:23:59.038+0900][gc,phases   ] GC(7)   Evacuate Collection Set: 6.1ms
[2024-06-18T21:23:59.038+0900][gc,phases   ] GC(7)   Post Evacuate Collection Set: 0.5ms
[2024-06-18T21:23:59.038+0900][gc,phases   ] GC(7)   Other: 0.2ms
[2024-06-18T21:23:59.038+0900][gc,heap     ] GC(7) Eden regions: 50->0(49)
[2024-06-18T21:23:59.038+0900][gc,heap     ] GC(7) Survivor regions: 1->2(7)
[2024-06-18T21:23:59.038+0900][gc,heap     ] GC(7) Old regions: 14->14
[2024-06-18T21:23:59.038+0900][gc,heap     ] GC(7) Humongous regions: 129->129
[2024-06-18T21:23:59.038+0900][gc,metaspace] GC(7) Metaspace: 37750K(38272K)->37750K(38272K) NonClass: 33563K(33856K)->33563K(33856K) Class: 4186K(4416K)->4186K(4416K)
[2024-06-18T21:23:59.038+0900][gc          ] GC(7) Pause Young (Prepare Mixed) (G1 Evacuation Pause) 193M->144M(1024M) 9.304ms
[2024-06-18T21:23:59.038+0900][gc,cpu      ] GC(7) User=0.01s Sys=0.01s Real=0.01s
[2024-06-18T21:26:24.774+0900][gc,start    ] GC(8) Pause Young (Mixed) (G1 Evacuation Pause)
[2024-06-18T21:26:24.775+0900][gc,task     ] GC(8) Using 8 workers of 8 for evacuation
[2024-06-18T21:26:24.786+0900][gc,phases   ] GC(8)   Pre Evacuate Collection Set: 0.8ms
[2024-06-18T21:26:24.786+0900][gc,phases   ] GC(8)   Merge Heap Roots: 0.1ms
[2024-06-18T21:26:24.786+0900][gc,phases   ] GC(8)   Evacuate Collection Set: 9.4ms
[2024-06-18T21:26:24.786+0900][gc,phases   ] GC(8)   Post Evacuate Collection Set: 0.6ms
[2024-06-18T21:26:24.786+0900][gc,phases   ] GC(8)   Other: 0.2ms
[2024-06-18T21:26:24.786+0900][gc,heap     ] GC(8) Eden regions: 49->0(48)
[2024-06-18T21:26:24.786+0900][gc,heap     ] GC(8) Survivor regions: 2->3(7)
[2024-06-18T21:26:24.786+0900][gc,heap     ] GC(8) Old regions: 14->14
[2024-06-18T21:26:24.786+0900][gc,heap     ] GC(8) Humongous regions: 129->129
[2024-06-18T21:26:24.786+0900][gc,metaspace] GC(8) Metaspace: 38458K(38976K)->38458K(38976K) NonClass: 34176K(34496K)->34176K(34496K) Class: 4281K(4480K)->4281K(4480K)
[2024-06-18T21:26:24.786+0900][gc          ] GC(8) Pause Young (Mixed) (G1 Evacuation Pause) 193M->145M(1024M) 12.241ms
[2024-06-18T21:26:24.787+0900][gc,cpu      ] GC(8) User=0.02s Sys=0.01s Real=0.01s
[2024-06-18T21:26:40.182+0900][gc,start    ] GC(9) Pause Young (Normal) (G1 Evacuation Pause)
[2024-06-18T21:26:40.183+0900][gc,task     ] GC(9) Using 8 workers of 8 for evacuation
[2024-06-18T21:26:40.191+0900][gc,phases   ] GC(9)   Pre Evacuate Collection Set: 0.3ms
[2024-06-18T21:26:40.191+0900][gc,phases   ] GC(9)   Merge Heap Roots: 0.1ms
[2024-06-18T21:26:40.191+0900][gc,phases   ] GC(9)   Evacuate Collection Set: 6.9ms
[2024-06-18T21:26:40.191+0900][gc,phases   ] GC(9)   Post Evacuate Collection Set: 0.8ms
[2024-06-18T21:26:40.191+0900][gc,phases   ] GC(9)   Other: 0.1ms
[2024-06-18T21:26:40.191+0900][gc,heap     ] GC(9) Eden regions: 48->0(48)
[2024-06-18T21:26:40.191+0900][gc,heap     ] GC(9) Survivor regions: 3->3(7)
[2024-06-18T21:26:40.191+0900][gc,heap     ] GC(9) Old regions: 14->14
[2024-06-18T21:26:40.192+0900][gc,heap     ] GC(9) Humongous regions: 129->129
[2024-06-18T21:26:40.192+0900][gc,metaspace] GC(9) Metaspace: 38467K(39040K)->38467K(39040K) NonClass: 34186K(34560K)->34186K(34560K) Class: 4281K(4480K)->4281K(4480K)
[2024-06-18T21:26:40.192+0900][gc          ] GC(9) Pause Young (Normal) (G1 Evacuation Pause) 193M->145M(1024M) 9.234ms
[2024-06-18T21:26:40.192+0900][gc,cpu      ] GC(9) User=0.02s Sys=0.00s Real=0.01s
[2024-06-18T21:30:30.989+0900][gc,start    ] GC(10) Pause Young (Normal) (G1 Evacuation Pause)
[2024-06-18T21:30:30.996+0900][gc,task     ] GC(10) Using 8 workers of 8 for evacuation
[2024-06-18T21:30:31.006+0900][gc,phases   ] GC(10)   Pre Evacuate Collection Set: 0.9ms
[2024-06-18T21:30:31.013+0900][gc,phases   ] GC(10)   Merge Heap Roots: 0.1ms
[2024-06-18T21:30:31.013+0900][gc,phases   ] GC(10)   Evacuate Collection Set: 7.4ms
[2024-06-18T21:30:31.013+0900][gc,phases   ] GC(10)   Post Evacuate Collection Set: 0.6ms
[2024-06-18T21:30:31.013+0900][gc,phases   ] GC(10)   Other: 0.4ms
[2024-06-18T21:30:31.013+0900][gc,heap     ] GC(10) Eden regions: 48->0(52)
[2024-06-18T21:30:31.013+0900][gc,heap     ] GC(10) Survivor regions: 3->3(7)
[2024-06-18T21:30:31.013+0900][gc,heap     ] GC(10) Old regions: 14->14
[2024-06-18T21:30:31.013+0900][gc,heap     ] GC(10) Humongous regions: 129->129
[2024-06-18T21:30:31.014+0900][gc,metaspace] GC(10) Metaspace: 38543K(39040K)->38543K(39040K) NonClass: 34262K(34560K)->34262K(34560K) Class: 4281K(4480K)->4281K(4480K)
[2024-06-18T21:30:31.014+0900][gc          ] GC(10) Pause Young (Normal) (G1 Evacuation Pause) 193M->145M(1024M) 24.548ms
[2024-06-18T21:30:31.014+0900][gc,cpu      ] GC(10) User=0.02s Sys=0.01s Real=0.03s
[2024-06-18T21:30:54.667+0900][gc,start    ] GC(11) Pause Young (Normal) (G1 Evacuation Pause)
[2024-06-18T21:30:54.669+0900][gc,task     ] GC(11) Using 8 workers of 8 for evacuation
[2024-06-18T21:30:54.678+0900][gc,phases   ] GC(11)   Pre Evacuate Collection Set: 0.5ms
[2024-06-18T21:30:54.678+0900][gc,phases   ] GC(11)   Merge Heap Roots: 0.2ms
[2024-06-18T21:30:54.678+0900][gc,phases   ] GC(11)   Evacuate Collection Set: 7.5ms
[2024-06-18T21:30:54.678+0900][gc,phases   ] GC(11)   Post Evacuate Collection Set: 0.6ms
[2024-06-18T21:30:54.678+0900][gc,phases   ] GC(11)   Other: 0.2ms
[2024-06-18T21:30:54.678+0900][gc,heap     ] GC(11) Eden regions: 52->0(129)
[2024-06-18T21:30:54.678+0900][gc,heap     ] GC(11) Survivor regions: 3->3(7)
[2024-06-18T21:30:54.678+0900][gc,heap     ] GC(11) Old regions: 14->14
[2024-06-18T21:30:54.678+0900][gc,heap     ] GC(11) Humongous regions: 129->129
[2024-06-18T21:30:54.678+0900][gc,metaspace] GC(11) Metaspace: 38564K(39104K)->38564K(39104K) NonClass: 34282K(34624K)->34282K(34624K) Class: 4281K(4480K)->4281K(4480K)
[2024-06-18T21:30:54.678+0900][gc          ] GC(11) Pause Young (Normal) (G1 Evacuation Pause) 197M->145M(1024M) 10.550ms
[2024-06-18T21:30:54.678+0900][gc,cpu      ] GC(11) User=0.03s Sys=0.00s Real=0.01s
[2024-06-18T21:31:52.101+0900][gc,start    ] GC(12) Pause Young (Normal) (G1 Evacuation Pause)
[2024-06-18T21:31:52.102+0900][gc,task     ] GC(12) Using 8 workers of 8 for evacuation
[2024-06-18T21:31:52.114+0900][gc,phases   ] GC(12)   Pre Evacuate Collection Set: 1.1ms
[2024-06-18T21:31:52.114+0900][gc,phases   ] GC(12)   Merge Heap Roots: 0.2ms
[2024-06-18T21:31:52.114+0900][gc,phases   ] GC(12)   Evacuate Collection Set: 9.2ms
[2024-06-18T21:31:52.114+0900][gc,phases   ] GC(12)   Post Evacuate Collection Set: 0.6ms
[2024-06-18T21:31:52.114+0900][gc,phases   ] GC(12)   Other: 0.3ms
[2024-06-18T21:31:52.114+0900][gc,heap     ] GC(12) Eden regions: 129->0(219)
[2024-06-18T21:31:52.114+0900][gc,heap     ] GC(12) Survivor regions: 3->3(17)
[2024-06-18T21:31:52.114+0900][gc,heap     ] GC(12) Old regions: 14->14
[2024-06-18T21:31:52.114+0900][gc,heap     ] GC(12) Humongous regions: 129->129
[2024-06-18T21:31:52.114+0900][gc,metaspace] GC(12) Metaspace: 38593K(39104K)->38593K(39104K) NonClass: 34311K(34624K)->34311K(34624K) Class: 4281K(4480K)->4281K(4480K)
[2024-06-18T21:31:52.114+0900][gc          ] GC(12) Pause Young (Normal) (G1 Evacuation Pause) 274M->145M(1024M) 13.092ms
[2024-06-18T21:31:52.114+0900][gc,cpu      ] GC(12) User=0.03s Sys=0.01s Real=0.01s
[2024-06-18T21:49:24.754+0900][gc,start    ] GC(13) Pause Young (Normal) (G1 Evacuation Pause)
[2024-06-18T21:49:24.755+0900][gc,task     ] GC(13) Using 8 workers of 8 for evacuation
[2024-06-18T21:49:24.786+0900][gc,mmu      ] GC(13) MMU target violated: 21.0ms (20.0ms/21.0ms)
[2024-06-18T21:49:24.786+0900][gc,phases   ] GC(13)   Pre Evacuate Collection Set: 0.9ms
[2024-06-18T21:49:24.786+0900][gc,phases   ] GC(13)   Merge Heap Roots: 0.2ms
[2024-06-18T21:49:24.786+0900][gc,phases   ] GC(13)   Evacuate Collection Set: 29.4ms
[2024-06-18T21:49:24.786+0900][gc,phases   ] GC(13)   Post Evacuate Collection Set: 0.5ms
[2024-06-18T21:49:24.786+0900][gc,phases   ] GC(13)   Other: 0.4ms
[2024-06-18T21:49:24.786+0900][gc,heap     ] GC(13) Eden regions: 219->0(48)
[2024-06-18T21:49:24.786+0900][gc,heap     ] GC(13) Survivor regions: 3->3(28)
[2024-06-18T21:49:24.786+0900][gc,heap     ] GC(13) Old regions: 14->14
[2024-06-18T21:49:24.786+0900][gc,heap     ] GC(13) Humongous regions: 129->129
[2024-06-18T21:49:24.786+0900][gc,metaspace] GC(13) Metaspace: 38762K(39360K)->38762K(39360K) NonClass: 34478K(34816K)->34478K(34816K) Class: 4284K(4544K)->4284K(4544K)
[2024-06-18T21:49:24.787+0900][gc          ] GC(13) Pause Young (Normal) (G1 Evacuation Pause) 364M->145M(1024M) 32.748ms
[2024-06-18T21:49:24.787+0900][gc,cpu      ] GC(13) User=0.02s Sys=0.07s Real=0.03s
[2024-06-18T21:49:55.269+0900][gc,heap,exit] Heap
[2024-06-18T21:49:55.270+0900][gc,heap,exit]  garbage-first heap   total 1048576K, used 191806K [0x00000007c0000000, 0x0000000800000000)
[2024-06-18T21:49:55.270+0900][gc,heap,exit]   region size 1024K, 45 young (46080K), 3 survivors (3072K)
[2024-06-18T21:49:55.270+0900][gc,heap,exit]  Metaspace       used 39341K, committed 39872K, reserved 1114112K
[2024-06-18T21:49:55.270+0900][gc,heap,exit]   class space    used 4410K, committed 4608K, reserved 1048576K
