[2024-09-21T21:39:55.134+0900][gc,init] CardTable entry size: 512
[2024-09-21T21:39:55.134+0900][gc     ] Using G1
[2024-09-21T21:39:55.135+0900][gc,init] Version: 21.0.1+12-29 (release)
[2024-09-21T21:39:55.135+0900][gc,init] CPUs: 8 total, 8 available
[2024-09-21T21:39:55.135+0900][gc,init] Memory: 16384M
[2024-09-21T21:39:55.135+0900][gc,init] Large Page Support: Disabled
[2024-09-21T21:39:55.135+0900][gc,init] NUMA Support: Disabled
[2024-09-21T21:39:55.135+0900][gc,init] Compressed Oops: Enabled (Zero based)
[2024-09-21T21:39:55.135+0900][gc,init] Heap Region Size: 1M
[2024-09-21T21:39:55.135+0900][gc,init] Heap Min Capacity: 1G
[2024-09-21T21:39:55.135+0900][gc,init] Heap Initial Capacity: 1G
[2024-09-21T21:39:55.135+0900][gc,init] Heap Max Capacity: 1G
[2024-09-21T21:39:55.135+0900][gc,init] Pre-touch: Disabled
[2024-09-21T21:39:55.135+0900][gc,init] Parallel Workers: 8
[2024-09-21T21:39:55.135+0900][gc,init] Concurrent Workers: 2
[2024-09-21T21:39:55.135+0900][gc,init] Concurrent Refinement Workers: 8
[2024-09-21T21:39:55.135+0900][gc,init] Periodic GC: Disabled
[2024-09-21T21:39:55.138+0900][gc,metaspace] CDS archive(s) mapped at: [0x000000d800000000-0x000000d800ca4000-0x000000d800ca4000), size 13254656, SharedBaseAddress: 0x000000d800000000, ArchiveRelocationMode: 1.
[2024-09-21T21:39:55.138+0900][gc,metaspace] Compressed class space mapped at: 0x000000d801000000-0x000000d841000000, reserved size: 1073741824
[2024-09-21T21:39:55.138+0900][gc,metaspace] Narrow klass base: 0x000000d800000000, Narrow klass shift: 0, Narrow klass range: 0x100000000
[2024-09-21T21:39:55.847+0900][gc,start    ] GC(0) Pause Young (Normal) (G1 Evacuation Pause)
[2024-09-21T21:39:55.847+0900][gc,task     ] GC(0) Using 8 workers of 8 for evacuation
[2024-09-21T21:39:55.849+0900][gc,phases   ] GC(0)   Pre Evacuate Collection Set: 0.1ms
[2024-09-21T21:39:55.849+0900][gc,phases   ] GC(0)   Merge Heap Roots: 0.0ms
[2024-09-21T21:39:55.849+0900][gc,phases   ] GC(0)   Evacuate Collection Set: 2.0ms
[2024-09-21T21:39:55.849+0900][gc,phases   ] GC(0)   Post Evacuate Collection Set: 0.2ms
[2024-09-21T21:39:55.849+0900][gc,phases   ] GC(0)   Other: 0.2ms
[2024-09-21T21:39:55.849+0900][gc,heap     ] GC(0) Eden regions: 51->0(44)
[2024-09-21T21:39:55.849+0900][gc,heap     ] GC(0) Survivor regions: 0->7(7)
[2024-09-21T21:39:55.849+0900][gc,heap     ] GC(0) Old regions: 2->3
[2024-09-21T21:39:55.849+0900][gc,heap     ] GC(0) Humongous regions: 0->0
[2024-09-21T21:39:55.849+0900][gc,metaspace] GC(0) Metaspace: 19461K(19648K)->19461K(19648K) NonClass: 17182K(17280K)->17182K(17280K) Class: 2279K(2368K)->2279K(2368K)
[2024-09-21T21:39:55.849+0900][gc          ] GC(0) Pause Young (Normal) (G1 Evacuation Pause) 52M->8M(1024M) 2.629ms
[2024-09-21T21:39:55.849+0900][gc,cpu      ] GC(0) User=0.01s Sys=0.01s Real=0.00s
[2024-09-21T21:39:55.898+0900][gc,start    ] GC(1) Pause Young (Concurrent Start) (Metadata GC Threshold)
[2024-09-21T21:39:55.898+0900][gc,task     ] GC(1) Using 8 workers of 8 for evacuation
[2024-09-21T21:39:55.900+0900][gc,phases   ] GC(1)   Pre Evacuate Collection Set: 0.2ms
[2024-09-21T21:39:55.900+0900][gc,phases   ] GC(1)   Merge Heap Roots: 0.0ms
[2024-09-21T21:39:55.900+0900][gc,phases   ] GC(1)   Evacuate Collection Set: 1.8ms
[2024-09-21T21:39:55.900+0900][gc,phases   ] GC(1)   Post Evacuate Collection Set: 0.1ms
[2024-09-21T21:39:55.900+0900][gc,phases   ] GC(1)   Other: 0.0ms
[2024-09-21T21:39:55.900+0900][gc,heap     ] GC(1) Eden regions: 7->0(50)
[2024-09-21T21:39:55.900+0900][gc,heap     ] GC(1) Survivor regions: 7->1(7)
[2024-09-21T21:39:55.900+0900][gc,heap     ] GC(1) Old regions: 3->9
[2024-09-21T21:39:55.900+0900][gc,heap     ] GC(1) Humongous regions: 0->0
[2024-09-21T21:39:55.900+0900][gc,metaspace] GC(1) Metaspace: 21305K(21504K)->21305K(21504K) NonClass: 18808K(18944K)->18808K(18944K) Class: 2496K(2560K)->2496K(2560K)
[2024-09-21T21:39:55.900+0900][gc          ] GC(1) Pause Young (Concurrent Start) (Metadata GC Threshold) 15M->8M(1024M) 2.212ms
[2024-09-21T21:39:55.900+0900][gc          ] GC(2) Concurrent Mark Cycle
[2024-09-21T21:39:55.900+0900][gc,cpu      ] GC(1) User=0.01s Sys=0.00s Real=0.01s
[2024-09-21T21:39:55.900+0900][gc,marking  ] GC(2) Concurrent Scan Root Regions
[2024-09-21T21:39:55.902+0900][gc,marking  ] GC(2) Concurrent Scan Root Regions 1.337ms
[2024-09-21T21:39:55.902+0900][gc,marking  ] GC(2) Concurrent Mark
[2024-09-21T21:39:55.902+0900][gc,marking  ] GC(2) Concurrent Mark From Roots
[2024-09-21T21:39:55.902+0900][gc,task     ] GC(2) Using 2 workers of 2 for marking
[2024-09-21T21:39:55.902+0900][gc,marking  ] GC(2) Concurrent Mark From Roots 0.712ms
[2024-09-21T21:39:55.902+0900][gc,marking  ] GC(2) Concurrent Preclean
[2024-09-21T21:39:55.902+0900][gc,marking  ] GC(2) Concurrent Preclean 0.004ms
[2024-09-21T21:39:55.902+0900][gc,start    ] GC(2) Pause Remark
[2024-09-21T21:39:55.903+0900][gc          ] GC(2) Pause Remark 10M->10M(1024M) 0.715ms
[2024-09-21T21:39:55.903+0900][gc,cpu      ] GC(2) User=0.00s Sys=0.00s Real=0.00s
[2024-09-21T21:39:55.903+0900][gc,marking  ] GC(2) Concurrent Mark 1.502ms
[2024-09-21T21:39:55.903+0900][gc,marking  ] GC(2) Concurrent Rebuild Remembered Sets and Scrub Regions
[2024-09-21T21:39:55.904+0900][gc,marking  ] GC(2) Concurrent Rebuild Remembered Sets and Scrub Regions 0.992ms
[2024-09-21T21:39:55.904+0900][gc,start    ] GC(2) Pause Cleanup
[2024-09-21T21:39:55.904+0900][gc          ] GC(2) Pause Cleanup 10M->10M(1024M) 0.063ms
[2024-09-21T21:39:55.904+0900][gc,cpu      ] GC(2) User=0.00s Sys=0.00s Real=0.00s
[2024-09-21T21:39:55.905+0900][gc,marking  ] GC(2) Concurrent Clear Claimed Marks
[2024-09-21T21:39:55.905+0900][gc,marking  ] GC(2) Concurrent Clear Claimed Marks 0.010ms
[2024-09-21T21:39:55.905+0900][gc,marking  ] GC(2) Concurrent Cleanup for Next Mark
[2024-09-21T21:39:55.906+0900][gc,marking  ] GC(2) Concurrent Cleanup for Next Mark 1.164ms
[2024-09-21T21:39:55.906+0900][gc          ] GC(2) Concurrent Mark Cycle 5.349ms
[2024-09-21T21:40:00.688+0900][gc,start    ] GC(3) Pause Young (Prepare Mixed) (G1 Evacuation Pause)
[2024-09-21T21:40:00.688+0900][gc,task     ] GC(3) Using 8 workers of 8 for evacuation
[2024-09-21T21:40:00.690+0900][gc,phases   ] GC(3)   Pre Evacuate Collection Set: 0.1ms
[2024-09-21T21:40:00.690+0900][gc,phases   ] GC(3)   Merge Heap Roots: 0.0ms
[2024-09-21T21:40:00.690+0900][gc,phases   ] GC(3)   Evacuate Collection Set: 1.6ms
[2024-09-21T21:40:00.690+0900][gc,phases   ] GC(3)   Post Evacuate Collection Set: 0.2ms
[2024-09-21T21:40:00.690+0900][gc,phases   ] GC(3)   Other: 0.0ms
[2024-09-21T21:40:00.690+0900][gc,heap     ] GC(3) Eden regions: 50->0(45)
[2024-09-21T21:40:00.690+0900][gc,heap     ] GC(3) Survivor regions: 1->6(7)
[2024-09-21T21:40:00.690+0900][gc,heap     ] GC(3) Old regions: 9->9
[2024-09-21T21:40:00.690+0900][gc,heap     ] GC(3) Humongous regions: 129->129
[2024-09-21T21:40:00.690+0900][gc,metaspace] GC(3) Metaspace: 33349K(33600K)->33349K(33600K) NonClass: 29736K(29888K)->29736K(29888K) Class: 3612K(3712K)->3612K(3712K)
[2024-09-21T21:40:00.690+0900][gc          ] GC(3) Pause Young (Prepare Mixed) (G1 Evacuation Pause) 187M->142M(1024M) 2.120ms
[2024-09-21T21:40:00.690+0900][gc,cpu      ] GC(3) User=0.01s Sys=0.00s Real=0.01s
