[2024-06-19T22:11:49.282+0900][gc,init] CardTable entry size: 512
[2024-06-19T22:11:49.282+0900][gc     ] Using G1
[2024-06-19T22:11:49.283+0900][gc,init] Version: 21.0.1+12-29 (release)
[2024-06-19T22:11:49.283+0900][gc,init] CPUs: 8 total, 8 available
[2024-06-19T22:11:49.283+0900][gc,init] Memory: 16384M
[2024-06-19T22:11:49.283+0900][gc,init] Large Page Support: Disabled
[2024-06-19T22:11:49.283+0900][gc,init] NUMA Support: Disabled
[2024-06-19T22:11:49.283+0900][gc,init] Compressed Oops: Enabled (Zero based)
[2024-06-19T22:11:49.283+0900][gc,init] Heap Region Size: 1M
[2024-06-19T22:11:49.283+0900][gc,init] Heap Min Capacity: 1G
[2024-06-19T22:11:49.283+0900][gc,init] Heap Initial Capacity: 1G
[2024-06-19T22:11:49.283+0900][gc,init] Heap Max Capacity: 1G
[2024-06-19T22:11:49.283+0900][gc,init] Pre-touch: Disabled
[2024-06-19T22:11:49.283+0900][gc,init] Parallel Workers: 8
[2024-06-19T22:11:49.283+0900][gc,init] Concurrent Workers: 2
[2024-06-19T22:11:49.283+0900][gc,init] Concurrent Refinement Workers: 8
[2024-06-19T22:11:49.283+0900][gc,init] Periodic GC: Disabled
[2024-06-19T22:11:49.286+0900][gc,metaspace] CDS archive(s) mapped at: [0x0000007000000000-0x0000007000ca4000-0x0000007000ca4000), size 13254656, SharedBaseAddress: 0x0000007000000000, ArchiveRelocationMode: 1.
[2024-06-19T22:11:49.286+0900][gc,metaspace] Compressed class space mapped at: 0x0000007001000000-0x0000007041000000, reserved size: 1073741824
[2024-06-19T22:11:49.286+0900][gc,metaspace] Narrow klass base: 0x0000007000000000, Narrow klass shift: 0, Narrow klass range: 0x100000000
[2024-06-19T22:11:49.977+0900][gc,start    ] GC(0) Pause Young (Normal) (G1 Evacuation Pause)
[2024-06-19T22:11:49.977+0900][gc,task     ] GC(0) Using 8 workers of 8 for evacuation
[2024-06-19T22:11:49.979+0900][gc,phases   ] GC(0)   Pre Evacuate Collection Set: 0.1ms
[2024-06-19T22:11:49.979+0900][gc,phases   ] GC(0)   Merge Heap Roots: 0.0ms
[2024-06-19T22:11:49.979+0900][gc,phases   ] GC(0)   Evacuate Collection Set: 1.9ms
[2024-06-19T22:11:49.979+0900][gc,phases   ] GC(0)   Post Evacuate Collection Set: 0.2ms
[2024-06-19T22:11:49.979+0900][gc,phases   ] GC(0)   Other: 0.2ms
[2024-06-19T22:11:49.979+0900][gc,heap     ] GC(0) Eden regions: 51->0(44)
[2024-06-19T22:11:49.979+0900][gc,heap     ] GC(0) Survivor regions: 0->7(7)
[2024-06-19T22:11:49.979+0900][gc,heap     ] GC(0) Old regions: 2->3
[2024-06-19T22:11:49.979+0900][gc,heap     ] GC(0) Humongous regions: 0->0
[2024-06-19T22:11:49.979+0900][gc,metaspace] GC(0) Metaspace: 19481K(19712K)->19481K(19712K) NonClass: 17203K(17344K)->17203K(17344K) Class: 2278K(2368K)->2278K(2368K)
[2024-06-19T22:11:49.979+0900][gc          ] GC(0) Pause Young (Normal) (G1 Evacuation Pause) 52M->8M(1024M) 2.614ms
[2024-06-19T22:11:49.979+0900][gc,cpu      ] GC(0) User=0.01s Sys=0.00s Real=0.00s
[2024-06-19T22:11:50.052+0900][gc,start    ] GC(1) Pause Young (Concurrent Start) (Metadata GC Threshold)
[2024-06-19T22:11:50.052+0900][gc,task     ] GC(1) Using 8 workers of 8 for evacuation
[2024-06-19T22:11:50.055+0900][gc,phases   ] GC(1)   Pre Evacuate Collection Set: 0.1ms
[2024-06-19T22:11:50.055+0900][gc,phases   ] GC(1)   Merge Heap Roots: 0.0ms
[2024-06-19T22:11:50.055+0900][gc,phases   ] GC(1)   Evacuate Collection Set: 2.0ms
[2024-06-19T22:11:50.055+0900][gc,phases   ] GC(1)   Post Evacuate Collection Set: 0.2ms
[2024-06-19T22:11:50.055+0900][gc,phases   ] GC(1)   Other: 0.0ms
[2024-06-19T22:11:50.055+0900][gc,heap     ] GC(1) Eden regions: 8->0(50)
[2024-06-19T22:11:50.055+0900][gc,heap     ] GC(1) Survivor regions: 7->1(7)
[2024-06-19T22:11:50.055+0900][gc,heap     ] GC(1) Old regions: 3->10
[2024-06-19T22:11:50.055+0900][gc,heap     ] GC(1) Humongous regions: 0->0
[2024-06-19T22:11:50.055+0900][gc,metaspace] GC(1) Metaspace: 21320K(21504K)->21320K(21504K) NonClass: 18832K(18944K)->18832K(18944K) Class: 2488K(2560K)->2488K(2560K)
[2024-06-19T22:11:50.055+0900][gc          ] GC(1) Pause Young (Concurrent Start) (Metadata GC Threshold) 15M->9M(1024M) 2.494ms
[2024-06-19T22:11:50.055+0900][gc          ] GC(2) Concurrent Mark Cycle
[2024-06-19T22:11:50.055+0900][gc,cpu      ] GC(1) User=0.02s Sys=0.00s Real=0.00s
[2024-06-19T22:11:50.055+0900][gc,marking  ] GC(2) Concurrent Scan Root Regions
[2024-06-19T22:11:50.056+0900][gc,marking  ] GC(2) Concurrent Scan Root Regions 1.177ms
[2024-06-19T22:11:50.056+0900][gc,marking  ] GC(2) Concurrent Mark
[2024-06-19T22:11:50.056+0900][gc,marking  ] GC(2) Concurrent Mark From Roots
[2024-06-19T22:11:50.056+0900][gc,task     ] GC(2) Using 2 workers of 2 for marking
[2024-06-19T22:11:50.057+0900][gc,marking  ] GC(2) Concurrent Mark From Roots 0.656ms
[2024-06-19T22:11:50.057+0900][gc,marking  ] GC(2) Concurrent Preclean
[2024-06-19T22:11:50.057+0900][gc,marking  ] GC(2) Concurrent Preclean 0.005ms
[2024-06-19T22:11:50.057+0900][gc,start    ] GC(2) Pause Remark
[2024-06-19T22:11:50.057+0900][gc          ] GC(2) Pause Remark 9M->9M(1024M) 0.805ms
[2024-06-19T22:11:50.057+0900][gc,cpu      ] GC(2) User=0.01s Sys=0.01s Real=0.00s
[2024-06-19T22:11:50.057+0900][gc,marking  ] GC(2) Concurrent Mark 1.518ms
[2024-06-19T22:11:50.057+0900][gc,marking  ] GC(2) Concurrent Rebuild Remembered Sets and Scrub Regions
[2024-06-19T22:11:50.058+0900][gc,marking  ] GC(2) Concurrent Rebuild Remembered Sets and Scrub Regions 0.974ms
[2024-06-19T22:11:50.058+0900][gc,start    ] GC(2) Pause Cleanup
[2024-06-19T22:11:50.059+0900][gc          ] GC(2) Pause Cleanup 9M->9M(1024M) 0.082ms
[2024-06-19T22:11:50.059+0900][gc,cpu      ] GC(2) User=0.00s Sys=0.00s Real=0.00s
[2024-06-19T22:11:50.059+0900][gc,marking  ] GC(2) Concurrent Clear Claimed Marks
[2024-06-19T22:11:50.059+0900][gc,marking  ] GC(2) Concurrent Clear Claimed Marks 0.011ms
[2024-06-19T22:11:50.059+0900][gc,marking  ] GC(2) Concurrent Cleanup for Next Mark
[2024-06-19T22:11:50.060+0900][gc,marking  ] GC(2) Concurrent Cleanup for Next Mark 1.129ms
[2024-06-19T22:11:50.060+0900][gc          ] GC(2) Concurrent Mark Cycle 4.984ms
[2024-06-19T22:11:50.441+0900][gc,start    ] GC(3) Pause Young (Prepare Mixed) (G1 Evacuation Pause)
[2024-06-19T22:11:50.441+0900][gc,task     ] GC(3) Using 8 workers of 8 for evacuation
[2024-06-19T22:11:50.443+0900][gc,phases   ] GC(3)   Pre Evacuate Collection Set: 0.1ms
[2024-06-19T22:11:50.443+0900][gc,phases   ] GC(3)   Merge Heap Roots: 0.0ms
[2024-06-19T22:11:50.443+0900][gc,phases   ] GC(3)   Evacuate Collection Set: 1.6ms
[2024-06-19T22:11:50.443+0900][gc,phases   ] GC(3)   Post Evacuate Collection Set: 0.2ms
[2024-06-19T22:11:50.443+0900][gc,phases   ] GC(3)   Other: 0.0ms
[2024-06-19T22:11:50.443+0900][gc,heap     ] GC(3) Eden regions: 50->0(45)
[2024-06-19T22:11:50.443+0900][gc,heap     ] GC(3) Survivor regions: 1->6(7)
[2024-06-19T22:11:50.443+0900][gc,heap     ] GC(3) Old regions: 10->10
[2024-06-19T22:11:50.443+0900][gc,heap     ] GC(3) Humongous regions: 129->129
[2024-06-19T22:11:50.443+0900][gc,metaspace] GC(3) Metaspace: 34232K(34560K)->34232K(34560K) NonClass: 30514K(30720K)->30514K(30720K) Class: 3717K(3840K)->3717K(3840K)
[2024-06-19T22:11:50.443+0900][gc          ] GC(3) Pause Young (Prepare Mixed) (G1 Evacuation Pause) 188M->143M(1024M) 2.013ms
[2024-06-19T22:11:50.443+0900][gc,cpu      ] GC(3) User=0.01s Sys=0.00s Real=0.00s
[2024-06-19T22:11:50.496+0900][gc,start    ] GC(4) Pause Young (Mixed) (Metadata GC Threshold)
[2024-06-19T22:11:50.496+0900][gc,task     ] GC(4) Using 8 workers of 8 for evacuation
[2024-06-19T22:11:50.498+0900][gc,phases   ] GC(4)   Pre Evacuate Collection Set: 0.2ms
[2024-06-19T22:11:50.498+0900][gc,phases   ] GC(4)   Merge Heap Roots: 0.0ms
[2024-06-19T22:11:50.498+0900][gc,phases   ] GC(4)   Evacuate Collection Set: 1.9ms
[2024-06-19T22:11:50.498+0900][gc,phases   ] GC(4)   Post Evacuate Collection Set: 0.2ms
[2024-06-19T22:11:50.498+0900][gc,phases   ] GC(4)   Other: 0.0ms
[2024-06-19T22:11:50.498+0900][gc,heap     ] GC(4) Eden regions: 7->0(50)
[2024-06-19T22:11:50.498+0900][gc,heap     ] GC(4) Survivor regions: 6->1(7)
[2024-06-19T22:11:50.498+0900][gc,heap     ] GC(4) Old regions: 10->14
[2024-06-19T22:11:50.498+0900][gc,heap     ] GC(4) Humongous regions: 129->129
[2024-06-19T22:11:50.498+0900][gc,metaspace] GC(4) Metaspace: 35678K(36096K)->35678K(36096K) NonClass: 31741K(31936K)->31741K(31936K) Class: 3937K(4160K)->3937K(4160K)
[2024-06-19T22:11:50.498+0900][gc          ] GC(4) Pause Young (Mixed) (Metadata GC Threshold) 149M->143M(1024M) 2.439ms
[2024-06-19T22:11:50.498+0900][gc,cpu      ] GC(4) User=0.01s Sys=0.00s Real=0.00s
[2024-06-19T22:12:00.433+0900][gc,start    ] GC(5) Pause Young (Concurrent Start) (Metadata GC Threshold)
[2024-06-19T22:12:00.433+0900][gc,task     ] GC(5) Using 8 workers of 8 for evacuation
[2024-06-19T22:12:00.436+0900][gc,phases   ] GC(5)   Pre Evacuate Collection Set: 0.2ms
[2024-06-19T22:12:00.436+0900][gc,phases   ] GC(5)   Merge Heap Roots: 0.0ms
[2024-06-19T22:12:00.436+0900][gc,phases   ] GC(5)   Evacuate Collection Set: 1.8ms
[2024-06-19T22:12:00.436+0900][gc,phases   ] GC(5)   Post Evacuate Collection Set: 0.4ms
[2024-06-19T22:12:00.436+0900][gc,phases   ] GC(5)   Other: 0.1ms
[2024-06-19T22:12:00.436+0900][gc,heap     ] GC(5) Eden regions: 5->0(50)
[2024-06-19T22:12:00.436+0900][gc,heap     ] GC(5) Survivor regions: 1->1(7)
[2024-06-19T22:12:00.436+0900][gc,heap     ] GC(5) Old regions: 14->14
[2024-06-19T22:12:00.436+0900][gc,heap     ] GC(5) Humongous regions: 129->129
[2024-06-19T22:12:00.436+0900][gc,metaspace] GC(5) Metaspace: 35998K(36416K)->35998K(36416K) NonClass: 31993K(32192K)->31993K(32192K) Class: 4005K(4224K)->4005K(4224K)
[2024-06-19T22:12:00.436+0900][gc          ] GC(5) Pause Young (Concurrent Start) (Metadata GC Threshold) 148M->143M(1024M) 3.154ms
[2024-06-19T22:12:00.436+0900][gc,cpu      ] GC(5) User=0.01s Sys=0.00s Real=0.00s
[2024-06-19T22:12:00.436+0900][gc          ] GC(6) Concurrent Mark Cycle
[2024-06-19T22:12:00.436+0900][gc,marking  ] GC(6) Concurrent Scan Root Regions
[2024-06-19T22:12:00.438+0900][gc,marking  ] GC(6) Concurrent Scan Root Regions 1.764ms
[2024-06-19T22:12:00.438+0900][gc,marking  ] GC(6) Concurrent Mark
[2024-06-19T22:12:00.438+0900][gc,marking  ] GC(6) Concurrent Mark From Roots
[2024-06-19T22:12:00.438+0900][gc,task     ] GC(6) Using 2 workers of 2 for marking
[2024-06-19T22:12:00.452+0900][gc,marking  ] GC(6) Concurrent Mark From Roots 14.026ms
[2024-06-19T22:12:00.452+0900][gc,marking  ] GC(6) Concurrent Preclean
[2024-06-19T22:12:00.452+0900][gc,marking  ] GC(6) Concurrent Preclean 0.063ms
[2024-06-19T22:12:00.452+0900][gc,start    ] GC(6) Pause Remark
[2024-06-19T22:12:00.454+0900][gc          ] GC(6) Pause Remark 144M->144M(1024M) 1.755ms
[2024-06-19T22:12:00.454+0900][gc,cpu      ] GC(6) User=0.00s Sys=0.00s Real=0.00s
[2024-06-19T22:12:00.454+0900][gc,marking  ] GC(6) Concurrent Mark 16.061ms
[2024-06-19T22:12:00.454+0900][gc,marking  ] GC(6) Concurrent Rebuild Remembered Sets and Scrub Regions
[2024-06-19T22:12:00.457+0900][gc,marking  ] GC(6) Concurrent Rebuild Remembered Sets and Scrub Regions 2.355ms
[2024-06-19T22:12:00.457+0900][gc,start    ] GC(6) Pause Cleanup
[2024-06-19T22:12:00.457+0900][gc          ] GC(6) Pause Cleanup 144M->144M(1024M) 0.090ms
[2024-06-19T22:12:00.457+0900][gc,cpu      ] GC(6) User=0.00s Sys=0.00s Real=0.00s
[2024-06-19T22:12:00.457+0900][gc,marking  ] GC(6) Concurrent Clear Claimed Marks
[2024-06-19T22:12:00.457+0900][gc,marking  ] GC(6) Concurrent Clear Claimed Marks 0.016ms
[2024-06-19T22:12:00.457+0900][gc,marking  ] GC(6) Concurrent Cleanup for Next Mark
[2024-06-19T22:12:00.458+0900][gc,marking  ] GC(6) Concurrent Cleanup for Next Mark 1.248ms
[2024-06-19T22:12:00.458+0900][gc          ] GC(6) Concurrent Mark Cycle 21.776ms
[2024-06-19T22:13:55.414+0900][gc,heap,exit] Heap
[2024-06-19T22:13:55.415+0900][gc,heap,exit]  garbage-first heap   total 1048576K, used 162252K [0x00000007c0000000, 0x0000000800000000)
[2024-06-19T22:13:55.415+0900][gc,heap,exit]   region size 1024K, 16 young (16384K), 1 survivors (1024K)
[2024-06-19T22:13:55.415+0900][gc,heap,exit]  Metaspace       used 37523K, committed 38016K, reserved 1114112K
[2024-06-19T22:13:55.415+0900][gc,heap,exit]   class space    used 4283K, committed 4480K, reserved 1048576K
