[2024-09-21T23:29:10.878+0900][gc,init] CardTable entry size: 512
[2024-09-21T23:29:10.878+0900][gc     ] Using G1
[2024-09-21T23:29:10.879+0900][gc,init] Version: 21.0.1+12-29 (release)
[2024-09-21T23:29:10.879+0900][gc,init] CPUs: 8 total, 8 available
[2024-09-21T23:29:10.879+0900][gc,init] Memory: 16384M
[2024-09-21T23:29:10.879+0900][gc,init] Large Page Support: Disabled
[2024-09-21T23:29:10.879+0900][gc,init] NUMA Support: Disabled
[2024-09-21T23:29:10.879+0900][gc,init] Compressed Oops: Enabled (Zero based)
[2024-09-21T23:29:10.879+0900][gc,init] Heap Region Size: 1M
[2024-09-21T23:29:10.879+0900][gc,init] Heap Min Capacity: 1G
[2024-09-21T23:29:10.879+0900][gc,init] Heap Initial Capacity: 1G
[2024-09-21T23:29:10.879+0900][gc,init] Heap Max Capacity: 1G
[2024-09-21T23:29:10.879+0900][gc,init] Pre-touch: Disabled
[2024-09-21T23:29:10.879+0900][gc,init] Parallel Workers: 8
[2024-09-21T23:29:10.879+0900][gc,init] Concurrent Workers: 2
[2024-09-21T23:29:10.879+0900][gc,init] Concurrent Refinement Workers: 8
[2024-09-21T23:29:10.879+0900][gc,init] Periodic GC: Disabled
[2024-09-21T23:29:10.883+0900][gc,metaspace] CDS archive(s) mapped at: [0x000000a800000000-0x000000a800ca4000-0x000000a800ca4000), size 13254656, SharedBaseAddress: 0x000000a800000000, ArchiveRelocationMode: 1.
[2024-09-21T23:29:10.883+0900][gc,metaspace] Compressed class space mapped at: 0x000000a801000000-0x000000a841000000, reserved size: 1073741824
[2024-09-21T23:29:10.883+0900][gc,metaspace] Narrow klass base: 0x000000a800000000, Narrow klass shift: 0, Narrow klass range: 0x100000000
[2024-09-21T23:29:11.764+0900][gc,start    ] GC(0) Pause Young (Normal) (G1 Evacuation Pause)
[2024-09-21T23:29:11.765+0900][gc,task     ] GC(0) Using 8 workers of 8 for evacuation
[2024-09-21T23:29:11.767+0900][gc,phases   ] GC(0)   Pre Evacuate Collection Set: 0.1ms
[2024-09-21T23:29:11.767+0900][gc,phases   ] GC(0)   Merge Heap Roots: 0.0ms
[2024-09-21T23:29:11.767+0900][gc,phases   ] GC(0)   Evacuate Collection Set: 2.2ms
[2024-09-21T23:29:11.767+0900][gc,phases   ] GC(0)   Post Evacuate Collection Set: 0.3ms
[2024-09-21T23:29:11.767+0900][gc,phases   ] GC(0)   Other: 0.2ms
[2024-09-21T23:29:11.767+0900][gc,heap     ] GC(0) Eden regions: 51->0(44)
[2024-09-21T23:29:11.767+0900][gc,heap     ] GC(0) Survivor regions: 0->7(7)
[2024-09-21T23:29:11.767+0900][gc,heap     ] GC(0) Old regions: 2->3
[2024-09-21T23:29:11.767+0900][gc,heap     ] GC(0) Humongous regions: 0->0
[2024-09-21T23:29:11.767+0900][gc,metaspace] GC(0) Metaspace: 19278K(19520K)->19278K(19520K) NonClass: 17036K(17152K)->17036K(17152K) Class: 2241K(2368K)->2241K(2368K)
[2024-09-21T23:29:11.767+0900][gc          ] GC(0) Pause Young (Normal) (G1 Evacuation Pause) 52M->8M(1024M) 2.930ms
[2024-09-21T23:29:11.767+0900][gc,cpu      ] GC(0) User=0.01s Sys=0.00s Real=0.00s
[2024-09-21T23:29:11.832+0900][gc,start    ] GC(1) Pause Young (Concurrent Start) (Metadata GC Threshold)
[2024-09-21T23:29:11.833+0900][gc,task     ] GC(1) Using 8 workers of 8 for evacuation
[2024-09-21T23:29:11.835+0900][gc,phases   ] GC(1)   Pre Evacuate Collection Set: 0.2ms
[2024-09-21T23:29:11.835+0900][gc,phases   ] GC(1)   Merge Heap Roots: 0.0ms
[2024-09-21T23:29:11.835+0900][gc,phases   ] GC(1)   Evacuate Collection Set: 1.8ms
[2024-09-21T23:29:11.835+0900][gc,phases   ] GC(1)   Post Evacuate Collection Set: 0.1ms
[2024-09-21T23:29:11.835+0900][gc,phases   ] GC(1)   Other: 0.0ms
[2024-09-21T23:29:11.835+0900][gc,heap     ] GC(1) Eden regions: 9->0(49)
[2024-09-21T23:29:11.835+0900][gc,heap     ] GC(1) Survivor regions: 7->2(7)
[2024-09-21T23:29:11.835+0900][gc,heap     ] GC(1) Old regions: 3->10
[2024-09-21T23:29:11.835+0900][gc,heap     ] GC(1) Humongous regions: 129->129
[2024-09-21T23:29:11.835+0900][gc,metaspace] GC(1) Metaspace: 21239K(21504K)->21239K(21504K) NonClass: 18765K(18880K)->18765K(18880K) Class: 2473K(2624K)->2473K(2624K)
[2024-09-21T23:29:11.835+0900][gc          ] GC(1) Pause Young (Concurrent Start) (Metadata GC Threshold) 145M->138M(1024M) 2.207ms
[2024-09-21T23:29:11.835+0900][gc          ] GC(2) Concurrent Mark Cycle
[2024-09-21T23:29:11.835+0900][gc,cpu      ] GC(1) User=0.02s Sys=0.01s Real=0.00s
[2024-09-21T23:29:11.835+0900][gc,marking  ] GC(2) Concurrent Scan Root Regions
[2024-09-21T23:29:11.836+0900][gc,marking  ] GC(2) Concurrent Scan Root Regions 1.364ms
[2024-09-21T23:29:11.836+0900][gc,marking  ] GC(2) Concurrent Mark
[2024-09-21T23:29:11.836+0900][gc,marking  ] GC(2) Concurrent Mark From Roots
[2024-09-21T23:29:11.836+0900][gc,task     ] GC(2) Using 2 workers of 2 for marking
[2024-09-21T23:29:11.837+0900][gc,marking  ] GC(2) Concurrent Mark From Roots 0.841ms
[2024-09-21T23:29:11.837+0900][gc,marking  ] GC(2) Concurrent Preclean
[2024-09-21T23:29:11.837+0900][gc,marking  ] GC(2) Concurrent Preclean 0.005ms
[2024-09-21T23:29:11.837+0900][gc,start    ] GC(2) Pause Remark
[2024-09-21T23:29:11.838+0900][gc          ] GC(2) Pause Remark 139M->139M(1024M) 0.751ms
[2024-09-21T23:29:11.838+0900][gc,cpu      ] GC(2) User=0.00s Sys=0.00s Real=0.00s
[2024-09-21T23:29:11.838+0900][gc,marking  ] GC(2) Concurrent Mark 1.693ms
[2024-09-21T23:29:11.838+0900][gc,marking  ] GC(2) Concurrent Rebuild Remembered Sets and Scrub Regions
[2024-09-21T23:29:11.839+0900][gc,marking  ] GC(2) Concurrent Rebuild Remembered Sets and Scrub Regions 1.006ms
[2024-09-21T23:29:11.839+0900][gc,start    ] GC(2) Pause Cleanup
[2024-09-21T23:29:11.839+0900][gc          ] GC(2) Pause Cleanup 139M->139M(1024M) 0.074ms
[2024-09-21T23:29:11.839+0900][gc,cpu      ] GC(2) User=0.00s Sys=0.00s Real=0.00s
[2024-09-21T23:29:11.839+0900][gc,marking  ] GC(2) Concurrent Clear Claimed Marks
[2024-09-21T23:29:11.839+0900][gc,marking  ] GC(2) Concurrent Clear Claimed Marks 0.007ms
[2024-09-21T23:29:11.839+0900][gc,marking  ] GC(2) Concurrent Cleanup for Next Mark
[2024-09-21T23:29:11.840+0900][gc,marking  ] GC(2) Concurrent Cleanup for Next Mark 1.145ms
[2024-09-21T23:29:11.840+0900][gc          ] GC(2) Concurrent Mark Cycle 5.389ms
[2024-09-21T23:29:21.273+0900][gc,start    ] GC(3) Pause Young (Prepare Mixed) (G1 Evacuation Pause)
[2024-09-21T23:29:21.273+0900][gc,task     ] GC(3) Using 8 workers of 8 for evacuation
[2024-09-21T23:29:21.276+0900][gc,phases   ] GC(3)   Pre Evacuate Collection Set: 0.1ms
[2024-09-21T23:29:21.276+0900][gc,phases   ] GC(3)   Merge Heap Roots: 0.0ms
[2024-09-21T23:29:21.276+0900][gc,phases   ] GC(3)   Evacuate Collection Set: 2.0ms
[2024-09-21T23:29:21.276+0900][gc,phases   ] GC(3)   Post Evacuate Collection Set: 0.2ms
[2024-09-21T23:29:21.276+0900][gc,phases   ] GC(3)   Other: 0.0ms
[2024-09-21T23:29:21.276+0900][gc,heap     ] GC(3) Eden regions: 49->0(45)
[2024-09-21T23:29:21.276+0900][gc,heap     ] GC(3) Survivor regions: 2->6(7)
[2024-09-21T23:29:21.276+0900][gc,heap     ] GC(3) Old regions: 10->10
[2024-09-21T23:29:21.276+0900][gc,heap     ] GC(3) Humongous regions: 129->129
[2024-09-21T23:29:21.276+0900][gc,metaspace] GC(3) Metaspace: 33370K(33728K)->33370K(33728K) NonClass: 29744K(29952K)->29744K(29952K) Class: 3625K(3776K)->3625K(3776K)
[2024-09-21T23:29:21.276+0900][gc          ] GC(3) Pause Young (Prepare Mixed) (G1 Evacuation Pause) 187M->142M(1024M) 2.511ms
[2024-09-21T23:29:21.276+0900][gc,cpu      ] GC(3) User=0.01s Sys=0.01s Real=0.00s
[2024-09-22T14:01:48.441+0900][gc,heap,exit] Heap
[2024-09-22T14:01:48.441+0900][gc,heap,exit]  garbage-first heap   total 1048576K, used 191369K [0x00000007c0000000, 0x0000000800000000)
[2024-09-22T14:01:48.441+0900][gc,heap,exit]   region size 1024K, 50 young (51200K), 6 survivors (6144K)
[2024-09-22T14:01:48.441+0900][gc,heap,exit]  Metaspace       used 35731K, committed 36096K, reserved 1114112K
[2024-09-22T14:01:48.441+0900][gc,heap,exit]   class space    used 3853K, committed 4032K, reserved 1048576K
