[2024-06-19T22:19:21.125+0900][gc,init] CardTable entry size: 512
[2024-06-19T22:19:21.125+0900][gc     ] Using G1
[2024-06-19T22:19:21.126+0900][gc,init] Version: 21.0.1+12-29 (release)
[2024-06-19T22:19:21.126+0900][gc,init] CPUs: 8 total, 8 available
[2024-06-19T22:19:21.126+0900][gc,init] Memory: 16384M
[2024-06-19T22:19:21.126+0900][gc,init] Large Page Support: Disabled
[2024-06-19T22:19:21.126+0900][gc,init] NUMA Support: Disabled
[2024-06-19T22:19:21.126+0900][gc,init] Compressed Oops: Enabled (Zero based)
[2024-06-19T22:19:21.126+0900][gc,init] Heap Region Size: 1M
[2024-06-19T22:19:21.126+0900][gc,init] Heap Min Capacity: 1G
[2024-06-19T22:19:21.126+0900][gc,init] Heap Initial Capacity: 1G
[2024-06-19T22:19:21.126+0900][gc,init] Heap Max Capacity: 1G
[2024-06-19T22:19:21.126+0900][gc,init] Pre-touch: Disabled
[2024-06-19T22:19:21.126+0900][gc,init] Parallel Workers: 8
[2024-06-19T22:19:21.126+0900][gc,init] Concurrent Workers: 2
[2024-06-19T22:19:21.126+0900][gc,init] Concurrent Refinement Workers: 8
[2024-06-19T22:19:21.126+0900][gc,init] Periodic GC: Disabled
[2024-06-19T22:19:21.129+0900][gc,metaspace] CDS archive(s) mapped at: [0x0000007000000000-0x0000007000ca4000-0x0000007000ca4000), size 13254656, SharedBaseAddress: 0x0000007000000000, ArchiveRelocationMode: 1.
[2024-06-19T22:19:21.129+0900][gc,metaspace] Compressed class space mapped at: 0x0000007001000000-0x0000007041000000, reserved size: 1073741824
[2024-06-19T22:19:21.129+0900][gc,metaspace] Narrow klass base: 0x0000007000000000, Narrow klass shift: 0, Narrow klass range: 0x100000000
[2024-06-19T22:19:21.831+0900][gc,start    ] GC(0) Pause Young (Normal) (G1 Evacuation Pause)
[2024-06-19T22:19:21.832+0900][gc,task     ] GC(0) Using 8 workers of 8 for evacuation
[2024-06-19T22:19:21.835+0900][gc,phases   ] GC(0)   Pre Evacuate Collection Set: 0.1ms
[2024-06-19T22:19:21.835+0900][gc,phases   ] GC(0)   Merge Heap Roots: 0.0ms
[2024-06-19T22:19:21.835+0900][gc,phases   ] GC(0)   Evacuate Collection Set: 2.5ms
[2024-06-19T22:19:21.835+0900][gc,phases   ] GC(0)   Post Evacuate Collection Set: 0.3ms
[2024-06-19T22:19:21.835+0900][gc,phases   ] GC(0)   Other: 0.2ms
[2024-06-19T22:19:21.835+0900][gc,heap     ] GC(0) Eden regions: 51->0(44)
[2024-06-19T22:19:21.835+0900][gc,heap     ] GC(0) Survivor regions: 0->7(7)
[2024-06-19T22:19:21.835+0900][gc,heap     ] GC(0) Old regions: 2->3
[2024-06-19T22:19:21.835+0900][gc,heap     ] GC(0) Humongous regions: 0->0
[2024-06-19T22:19:21.835+0900][gc,metaspace] GC(0) Metaspace: 19469K(19712K)->19469K(19712K) NonClass: 17191K(17344K)->17191K(17344K) Class: 2278K(2368K)->2278K(2368K)
[2024-06-19T22:19:21.835+0900][gc          ] GC(0) Pause Young (Normal) (G1 Evacuation Pause) 52M->8M(1024M) 3.327ms
[2024-06-19T22:19:21.835+0900][gc,cpu      ] GC(0) User=0.01s Sys=0.00s Real=0.00s
[2024-06-19T22:19:21.895+0900][gc,start    ] GC(1) Pause Young (Concurrent Start) (Metadata GC Threshold)
[2024-06-19T22:19:21.895+0900][gc,task     ] GC(1) Using 8 workers of 8 for evacuation
[2024-06-19T22:19:21.898+0900][gc,phases   ] GC(1)   Pre Evacuate Collection Set: 0.2ms
[2024-06-19T22:19:21.898+0900][gc,phases   ] GC(1)   Merge Heap Roots: 0.0ms
[2024-06-19T22:19:21.898+0900][gc,phases   ] GC(1)   Evacuate Collection Set: 2.1ms
[2024-06-19T22:19:21.898+0900][gc,phases   ] GC(1)   Post Evacuate Collection Set: 0.2ms
[2024-06-19T22:19:21.898+0900][gc,phases   ] GC(1)   Other: 0.0ms
[2024-06-19T22:19:21.898+0900][gc,heap     ] GC(1) Eden regions: 8->0(49)
[2024-06-19T22:19:21.898+0900][gc,heap     ] GC(1) Survivor regions: 7->2(7)
[2024-06-19T22:19:21.898+0900][gc,heap     ] GC(1) Old regions: 3->10
[2024-06-19T22:19:21.898+0900][gc,heap     ] GC(1) Humongous regions: 0->0
[2024-06-19T22:19:21.898+0900][gc,metaspace] GC(1) Metaspace: 21306K(21504K)->21306K(21504K) NonClass: 18817K(18944K)->18817K(18944K) Class: 2488K(2560K)->2488K(2560K)
[2024-06-19T22:19:21.898+0900][gc          ] GC(1) Pause Young (Concurrent Start) (Metadata GC Threshold) 15M->9M(1024M) 2.696ms
[2024-06-19T22:19:21.898+0900][gc          ] GC(2) Concurrent Mark Cycle
[2024-06-19T22:19:21.898+0900][gc,cpu      ] GC(1) User=0.01s Sys=0.00s Real=0.00s
[2024-06-19T22:19:21.898+0900][gc,marking  ] GC(2) Concurrent Scan Root Regions
[2024-06-19T22:19:21.900+0900][gc,marking  ] GC(2) Concurrent Scan Root Regions 1.627ms
[2024-06-19T22:19:21.900+0900][gc,marking  ] GC(2) Concurrent Mark
[2024-06-19T22:19:21.900+0900][gc,marking  ] GC(2) Concurrent Mark From Roots
[2024-06-19T22:19:21.900+0900][gc,task     ] GC(2) Using 2 workers of 2 for marking
[2024-06-19T22:19:21.900+0900][gc,marking  ] GC(2) Concurrent Mark From Roots 0.814ms
[2024-06-19T22:19:21.900+0900][gc,marking  ] GC(2) Concurrent Preclean
[2024-06-19T22:19:21.900+0900][gc,marking  ] GC(2) Concurrent Preclean 0.006ms
[2024-06-19T22:19:21.900+0900][gc,start    ] GC(2) Pause Remark
[2024-06-19T22:19:21.901+0900][gc          ] GC(2) Pause Remark 9M->9M(1024M) 1.060ms
[2024-06-19T22:19:21.901+0900][gc,cpu      ] GC(2) User=0.00s Sys=0.00s Real=0.00s
[2024-06-19T22:19:21.902+0900][gc,marking  ] GC(2) Concurrent Mark 1.991ms
[2024-06-19T22:19:21.902+0900][gc,marking  ] GC(2) Concurrent Rebuild Remembered Sets and Scrub Regions
[2024-06-19T22:19:21.903+0900][gc,marking  ] GC(2) Concurrent Rebuild Remembered Sets and Scrub Regions 1.092ms
[2024-06-19T22:19:21.903+0900][gc,start    ] GC(2) Pause Cleanup
[2024-06-19T22:19:21.903+0900][gc          ] GC(2) Pause Cleanup 9M->9M(1024M) 0.062ms
[2024-06-19T22:19:21.903+0900][gc,cpu      ] GC(2) User=0.00s Sys=0.00s Real=0.00s
[2024-06-19T22:19:21.903+0900][gc,marking  ] GC(2) Concurrent Clear Claimed Marks
[2024-06-19T22:19:21.903+0900][gc,marking  ] GC(2) Concurrent Clear Claimed Marks 0.006ms
[2024-06-19T22:19:21.903+0900][gc,marking  ] GC(2) Concurrent Cleanup for Next Mark
[2024-06-19T22:19:21.904+0900][gc,marking  ] GC(2) Concurrent Cleanup for Next Mark 1.263ms
[2024-06-19T22:19:21.904+0900][gc          ] GC(2) Concurrent Mark Cycle 6.152ms
[2024-06-19T22:19:22.294+0900][gc,start    ] GC(3) Pause Young (Prepare Mixed) (G1 Evacuation Pause)
[2024-06-19T22:19:22.294+0900][gc,task     ] GC(3) Using 8 workers of 8 for evacuation
[2024-06-19T22:19:22.295+0900][gc,phases   ] GC(3)   Pre Evacuate Collection Set: 0.1ms
[2024-06-19T22:19:22.295+0900][gc,phases   ] GC(3)   Merge Heap Roots: 0.0ms
[2024-06-19T22:19:22.295+0900][gc,phases   ] GC(3)   Evacuate Collection Set: 1.5ms
[2024-06-19T22:19:22.295+0900][gc,phases   ] GC(3)   Post Evacuate Collection Set: 0.2ms
[2024-06-19T22:19:22.295+0900][gc,phases   ] GC(3)   Other: 0.0ms
[2024-06-19T22:19:22.295+0900][gc,heap     ] GC(3) Eden regions: 49->0(45)
[2024-06-19T22:19:22.295+0900][gc,heap     ] GC(3) Survivor regions: 2->6(7)
[2024-06-19T22:19:22.295+0900][gc,heap     ] GC(3) Old regions: 10->10
[2024-06-19T22:19:22.295+0900][gc,heap     ] GC(3) Humongous regions: 129->129
[2024-06-19T22:19:22.295+0900][gc,metaspace] GC(3) Metaspace: 34060K(34368K)->34060K(34368K) NonClass: 30361K(30528K)->30361K(30528K) Class: 3698K(3840K)->3698K(3840K)
[2024-06-19T22:19:22.295+0900][gc          ] GC(3) Pause Young (Prepare Mixed) (G1 Evacuation Pause) 187M->142M(1024M) 1.879ms
[2024-06-19T22:19:22.295+0900][gc,cpu      ] GC(3) User=0.01s Sys=0.00s Real=0.00s
[2024-06-19T22:19:22.348+0900][gc,start    ] GC(4) Pause Young (Mixed) (Metadata GC Threshold)
[2024-06-19T22:19:22.348+0900][gc,task     ] GC(4) Using 8 workers of 8 for evacuation
[2024-06-19T22:19:22.350+0900][gc,phases   ] GC(4)   Pre Evacuate Collection Set: 0.1ms
[2024-06-19T22:19:22.350+0900][gc,phases   ] GC(4)   Merge Heap Roots: 0.0ms
[2024-06-19T22:19:22.350+0900][gc,phases   ] GC(4)   Evacuate Collection Set: 1.7ms
[2024-06-19T22:19:22.350+0900][gc,phases   ] GC(4)   Post Evacuate Collection Set: 0.1ms
[2024-06-19T22:19:22.350+0900][gc,phases   ] GC(4)   Other: 0.0ms
[2024-06-19T22:19:22.350+0900][gc,heap     ] GC(4) Eden regions: 8->0(50)
[2024-06-19T22:19:22.350+0900][gc,heap     ] GC(4) Survivor regions: 6->1(7)
[2024-06-19T22:19:22.350+0900][gc,heap     ] GC(4) Old regions: 10->14
[2024-06-19T22:19:22.350+0900][gc,heap     ] GC(4) Humongous regions: 129->129
[2024-06-19T22:19:22.350+0900][gc,metaspace] GC(4) Metaspace: 35689K(36096K)->35689K(36096K) NonClass: 31744K(31936K)->31744K(31936K) Class: 3945K(4160K)->3945K(4160K)
[2024-06-19T22:19:22.351+0900][gc          ] GC(4) Pause Young (Mixed) (Metadata GC Threshold) 150M->143M(1024M) 2.098ms
[2024-06-19T22:19:22.351+0900][gc,cpu      ] GC(4) User=0.02s Sys=0.00s Real=0.01s
[2024-06-19T22:19:31.695+0900][gc,start    ] GC(5) Pause Young (Concurrent Start) (Metadata GC Threshold)
[2024-06-19T22:19:31.695+0900][gc,task     ] GC(5) Using 8 workers of 8 for evacuation
[2024-06-19T22:19:31.699+0900][gc,phases   ] GC(5)   Pre Evacuate Collection Set: 0.5ms
[2024-06-19T22:19:31.699+0900][gc,phases   ] GC(5)   Merge Heap Roots: 0.1ms
[2024-06-19T22:19:31.699+0900][gc,phases   ] GC(5)   Evacuate Collection Set: 2.6ms
[2024-06-19T22:19:31.699+0900][gc,phases   ] GC(5)   Post Evacuate Collection Set: 0.2ms
[2024-06-19T22:19:31.699+0900][gc,phases   ] GC(5)   Other: 0.1ms
[2024-06-19T22:19:31.699+0900][gc,heap     ] GC(5) Eden regions: 5->0(50)
[2024-06-19T22:19:31.699+0900][gc,heap     ] GC(5) Survivor regions: 1->1(7)
[2024-06-19T22:19:31.699+0900][gc,heap     ] GC(5) Old regions: 14->14
[2024-06-19T22:19:31.699+0900][gc,heap     ] GC(5) Humongous regions: 129->129
[2024-06-19T22:19:31.699+0900][gc,metaspace] GC(5) Metaspace: 35959K(36416K)->35959K(36416K) NonClass: 31957K(32192K)->31957K(32192K) Class: 4001K(4224K)->4001K(4224K)
[2024-06-19T22:19:31.699+0900][gc          ] GC(5) Pause Young (Concurrent Start) (Metadata GC Threshold) 148M->143M(1024M) 3.666ms
[2024-06-19T22:19:31.699+0900][gc          ] GC(6) Concurrent Mark Cycle
[2024-06-19T22:19:31.699+0900][gc,cpu      ] GC(5) User=0.01s Sys=0.00s Real=0.00s
[2024-06-19T22:19:31.699+0900][gc,marking  ] GC(6) Concurrent Scan Root Regions
[2024-06-19T22:19:31.702+0900][gc,marking  ] GC(6) Concurrent Scan Root Regions 2.892ms
[2024-06-19T22:19:31.702+0900][gc,marking  ] GC(6) Concurrent Mark
[2024-06-19T22:19:31.702+0900][gc,marking  ] GC(6) Concurrent Mark From Roots
[2024-06-19T22:19:31.702+0900][gc,task     ] GC(6) Using 2 workers of 2 for marking
[2024-06-19T22:19:31.718+0900][gc,marking  ] GC(6) Concurrent Mark From Roots 16.719ms
[2024-06-19T22:19:31.718+0900][gc,marking  ] GC(6) Concurrent Preclean
[2024-06-19T22:19:31.718+0900][gc,marking  ] GC(6) Concurrent Preclean 0.048ms
[2024-06-19T22:19:31.719+0900][gc,start    ] GC(6) Pause Remark
[2024-06-19T22:19:31.720+0900][gc          ] GC(6) Pause Remark 144M->144M(1024M) 1.942ms
[2024-06-19T22:19:31.721+0900][gc,cpu      ] GC(6) User=0.01s Sys=0.00s Real=0.01s
[2024-06-19T22:19:31.721+0900][gc,marking  ] GC(6) Concurrent Mark 18.914ms
[2024-06-19T22:19:31.721+0900][gc,marking  ] GC(6) Concurrent Rebuild Remembered Sets and Scrub Regions
[2024-06-19T22:19:31.725+0900][gc,marking  ] GC(6) Concurrent Rebuild Remembered Sets and Scrub Regions 4.327ms
[2024-06-19T22:19:31.725+0900][gc,start    ] GC(6) Pause Cleanup
[2024-06-19T22:19:31.725+0900][gc          ] GC(6) Pause Cleanup 144M->144M(1024M) 0.125ms
[2024-06-19T22:19:31.725+0900][gc,cpu      ] GC(6) User=0.00s Sys=0.00s Real=0.00s
[2024-06-19T22:19:31.725+0900][gc,marking  ] GC(6) Concurrent Clear Claimed Marks
[2024-06-19T22:19:31.725+0900][gc,marking  ] GC(6) Concurrent Clear Claimed Marks 0.024ms
[2024-06-19T22:19:31.725+0900][gc,marking  ] GC(6) Concurrent Cleanup for Next Mark
[2024-06-19T22:19:31.728+0900][gc,marking  ] GC(6) Concurrent Cleanup for Next Mark 2.610ms
[2024-06-19T22:19:31.728+0900][gc          ] GC(6) Concurrent Mark Cycle 29.129ms
[2024-06-19T22:20:21.459+0900][gc,start    ] GC(7) Pause Young (Prepare Mixed) (G1 Evacuation Pause)
[2024-06-19T22:20:21.468+0900][gc,task     ] GC(7) Using 8 workers of 8 for evacuation
[2024-06-19T22:20:21.482+0900][gc,phases   ] GC(7)   Pre Evacuate Collection Set: 5.1ms
[2024-06-19T22:20:21.482+0900][gc,phases   ] GC(7)   Merge Heap Roots: 0.2ms
[2024-06-19T22:20:21.482+0900][gc,phases   ] GC(7)   Evacuate Collection Set: 7.7ms
[2024-06-19T22:20:21.482+0900][gc,phases   ] GC(7)   Post Evacuate Collection Set: 0.8ms
[2024-06-19T22:20:21.482+0900][gc,phases   ] GC(7)   Other: 0.4ms
[2024-06-19T22:20:21.482+0900][gc,heap     ] GC(7) Eden regions: 50->0(49)
[2024-06-19T22:20:21.482+0900][gc,heap     ] GC(7) Survivor regions: 1->2(7)
[2024-06-19T22:20:21.482+0900][gc,heap     ] GC(7) Old regions: 14->14
[2024-06-19T22:20:21.482+0900][gc,heap     ] GC(7) Humongous regions: 129->129
[2024-06-19T22:20:21.482+0900][gc,metaspace] GC(7) Metaspace: 37654K(38144K)->37654K(38144K) NonClass: 33480K(33728K)->33480K(33728K) Class: 4173K(4416K)->4173K(4416K)
[2024-06-19T22:20:21.482+0900][gc          ] GC(7) Pause Young (Prepare Mixed) (G1 Evacuation Pause) 193M->144M(1024M) 23.369ms
[2024-06-19T22:20:21.482+0900][gc,cpu      ] GC(7) User=0.02s Sys=0.01s Real=0.03s
[2024-06-19T22:21:03.007+0900][gc,start    ] GC(8) Pause Young (Mixed) (G1 Evacuation Pause)
[2024-06-19T22:21:03.008+0900][gc,task     ] GC(8) Using 8 workers of 8 for evacuation
[2024-06-19T22:21:03.018+0900][gc,phases   ] GC(8)   Pre Evacuate Collection Set: 0.8ms
[2024-06-19T22:21:03.018+0900][gc,phases   ] GC(8)   Merge Heap Roots: 0.2ms
[2024-06-19T22:21:03.018+0900][gc,phases   ] GC(8)   Evacuate Collection Set: 8.0ms
[2024-06-19T22:21:03.018+0900][gc,phases   ] GC(8)   Post Evacuate Collection Set: 0.7ms
[2024-06-19T22:21:03.018+0900][gc,phases   ] GC(8)   Other: 0.1ms
[2024-06-19T22:21:03.018+0900][gc,heap     ] GC(8) Eden regions: 49->0(48)
[2024-06-19T22:21:03.018+0900][gc,heap     ] GC(8) Survivor regions: 2->3(7)
[2024-06-19T22:21:03.018+0900][gc,heap     ] GC(8) Old regions: 14->14
[2024-06-19T22:21:03.018+0900][gc,heap     ] GC(8) Humongous regions: 129->129
[2024-06-19T22:21:03.018+0900][gc,metaspace] GC(8) Metaspace: 38318K(38848K)->38318K(38848K) NonClass: 34050K(34368K)->34050K(34368K) Class: 4267K(4480K)->4267K(4480K)
[2024-06-19T22:21:03.018+0900][gc          ] GC(8) Pause Young (Mixed) (G1 Evacuation Pause) 193M->145M(1024M) 10.521ms
[2024-06-19T22:21:03.018+0900][gc,cpu      ] GC(8) User=0.02s Sys=0.01s Real=0.01s
[2024-06-19T22:23:08.877+0900][gc,start    ] GC(9) Pause Young (Normal) (G1 Evacuation Pause)
[2024-06-19T22:23:08.877+0900][gc,task     ] GC(9) Using 8 workers of 8 for evacuation
[2024-06-19T22:23:08.886+0900][gc,phases   ] GC(9)   Pre Evacuate Collection Set: 0.4ms
[2024-06-19T22:23:08.886+0900][gc,phases   ] GC(9)   Merge Heap Roots: 0.1ms
[2024-06-19T22:23:08.886+0900][gc,phases   ] GC(9)   Evacuate Collection Set: 7.6ms
[2024-06-19T22:23:08.886+0900][gc,phases   ] GC(9)   Post Evacuate Collection Set: 0.5ms
[2024-06-19T22:23:08.886+0900][gc,phases   ] GC(9)   Other: 0.1ms
[2024-06-19T22:23:08.886+0900][gc,heap     ] GC(9) Eden regions: 48->0(48)
[2024-06-19T22:23:08.886+0900][gc,heap     ] GC(9) Survivor regions: 3->3(7)
[2024-06-19T22:23:08.886+0900][gc,heap     ] GC(9) Old regions: 14->14
[2024-06-19T22:23:08.886+0900][gc,heap     ] GC(9) Humongous regions: 129->129
[2024-06-19T22:23:08.886+0900][gc,metaspace] GC(9) Metaspace: 38398K(38912K)->38398K(38912K) NonClass: 34130K(34432K)->34130K(34432K) Class: 4267K(4480K)->4267K(4480K)
[2024-06-19T22:23:08.886+0900][gc          ] GC(9) Pause Young (Normal) (G1 Evacuation Pause) 193M->145M(1024M) 9.474ms
[2024-06-19T22:23:08.886+0900][gc,cpu      ] GC(9) User=0.02s Sys=0.01s Real=0.01s
[2024-06-19T22:27:17.248+0900][gc,start    ] GC(10) Pause Young (Normal) (G1 Evacuation Pause)
[2024-06-19T22:27:17.249+0900][gc,task     ] GC(10) Using 8 workers of 8 for evacuation
[2024-06-19T22:27:17.271+0900][gc,mmu      ] GC(10) MMU target violated: 21.0ms (20.0ms/21.0ms)
[2024-06-19T22:27:17.271+0900][gc,phases   ] GC(10)   Pre Evacuate Collection Set: 0.9ms
[2024-06-19T22:27:17.271+0900][gc,phases   ] GC(10)   Merge Heap Roots: 0.1ms
[2024-06-19T22:27:17.271+0900][gc,phases   ] GC(10)   Evacuate Collection Set: 19.8ms
[2024-06-19T22:27:17.271+0900][gc,phases   ] GC(10)   Post Evacuate Collection Set: 0.5ms
[2024-06-19T22:27:17.271+0900][gc,phases   ] GC(10)   Other: 0.3ms
[2024-06-19T22:27:17.271+0900][gc,heap     ] GC(10) Eden regions: 48->0(48)
[2024-06-19T22:27:17.271+0900][gc,heap     ] GC(10) Survivor regions: 3->3(7)
[2024-06-19T22:27:17.271+0900][gc,heap     ] GC(10) Old regions: 14->14
[2024-06-19T22:27:17.271+0900][gc,heap     ] GC(10) Humongous regions: 129->129
[2024-06-19T22:27:17.271+0900][gc,metaspace] GC(10) Metaspace: 38471K(39040K)->38471K(39040K) NonClass: 34204K(34560K)->34204K(34560K) Class: 4267K(4480K)->4267K(4480K)
[2024-06-19T22:27:17.271+0900][gc          ] GC(10) Pause Young (Normal) (G1 Evacuation Pause) 193M->145M(1024M) 22.551ms
[2024-06-19T22:27:17.271+0900][gc,cpu      ] GC(10) User=0.02s Sys=0.04s Real=0.03s
[2024-06-19T22:27:51.230+0900][gc,start    ] GC(11) Pause Young (Normal) (G1 Evacuation Pause)
[2024-06-19T22:27:51.230+0900][gc,task     ] GC(11) Using 8 workers of 8 for evacuation
[2024-06-19T22:27:51.240+0900][gc,phases   ] GC(11)   Pre Evacuate Collection Set: 0.6ms
[2024-06-19T22:27:51.240+0900][gc,phases   ] GC(11)   Merge Heap Roots: 0.1ms
[2024-06-19T22:27:51.240+0900][gc,phases   ] GC(11)   Evacuate Collection Set: 8.5ms
[2024-06-19T22:27:51.240+0900][gc,phases   ] GC(11)   Post Evacuate Collection Set: 0.4ms
[2024-06-19T22:27:51.240+0900][gc,phases   ] GC(11)   Other: 0.1ms
[2024-06-19T22:27:51.240+0900][gc,heap     ] GC(11) Eden regions: 48->0(48)
[2024-06-19T22:27:51.240+0900][gc,heap     ] GC(11) Survivor regions: 3->3(7)
[2024-06-19T22:27:51.240+0900][gc,heap     ] GC(11) Old regions: 14->14
[2024-06-19T22:27:51.240+0900][gc,heap     ] GC(11) Humongous regions: 129->129
[2024-06-19T22:27:51.240+0900][gc,metaspace] GC(11) Metaspace: 38486K(39040K)->38486K(39040K) NonClass: 34219K(34560K)->34219K(34560K) Class: 4267K(4480K)->4267K(4480K)
[2024-06-19T22:27:51.240+0900][gc          ] GC(11) Pause Young (Normal) (G1 Evacuation Pause) 193M->145M(1024M) 10.340ms
[2024-06-19T22:27:51.240+0900][gc,cpu      ] GC(11) User=0.02s Sys=0.01s Real=0.01s
[2024-06-19T22:31:33.744+0900][gc,start    ] GC(12) Pause Young (Normal) (G1 Evacuation Pause)
[2024-06-19T22:31:33.744+0900][gc,task     ] GC(12) Using 8 workers of 8 for evacuation
[2024-06-19T22:31:33.755+0900][gc,phases   ] GC(12)   Pre Evacuate Collection Set: 1.0ms
[2024-06-19T22:31:33.755+0900][gc,phases   ] GC(12)   Merge Heap Roots: 0.1ms
[2024-06-19T22:31:33.755+0900][gc,phases   ] GC(12)   Evacuate Collection Set: 8.9ms
[2024-06-19T22:31:33.755+0900][gc,phases   ] GC(12)   Post Evacuate Collection Set: 0.5ms
[2024-06-19T22:31:33.755+0900][gc,phases   ] GC(12)   Other: 0.2ms
[2024-06-19T22:31:33.755+0900][gc,heap     ] GC(12) Eden regions: 48->0(53)
[2024-06-19T22:31:33.755+0900][gc,heap     ] GC(12) Survivor regions: 3->3(7)
[2024-06-19T22:31:33.755+0900][gc,heap     ] GC(12) Old regions: 14->14
[2024-06-19T22:31:33.755+0900][gc,heap     ] GC(12) Humongous regions: 129->129
[2024-06-19T22:31:33.755+0900][gc,metaspace] GC(12) Metaspace: 38548K(39104K)->38548K(39104K) NonClass: 34278K(34624K)->34278K(34624K) Class: 4269K(4480K)->4269K(4480K)
[2024-06-19T22:31:33.755+0900][gc          ] GC(12) Pause Young (Normal) (G1 Evacuation Pause) 193M->145M(1024M) 11.567ms
[2024-06-19T22:31:33.755+0900][gc,cpu      ] GC(12) User=0.02s Sys=0.02s Real=0.01s
[2024-06-19T22:31:52.584+0900][gc,start    ] GC(13) Pause Young (Normal) (G1 Evacuation Pause)
[2024-06-19T22:31:52.584+0900][gc,task     ] GC(13) Using 8 workers of 8 for evacuation
[2024-06-19T22:31:52.596+0900][gc,phases   ] GC(13)   Pre Evacuate Collection Set: 0.6ms
[2024-06-19T22:31:52.596+0900][gc,phases   ] GC(13)   Merge Heap Roots: 0.2ms
[2024-06-19T22:31:52.596+0900][gc,phases   ] GC(13)   Evacuate Collection Set: 9.5ms
[2024-06-19T22:31:52.596+0900][gc,phases   ] GC(13)   Post Evacuate Collection Set: 0.8ms
[2024-06-19T22:31:52.596+0900][gc,phases   ] GC(13)   Other: 0.3ms
[2024-06-19T22:31:52.596+0900][gc,heap     ] GC(13) Eden regions: 53->0(104)
[2024-06-19T22:31:52.596+0900][gc,heap     ] GC(13) Survivor regions: 3->3(7)
[2024-06-19T22:31:52.596+0900][gc,heap     ] GC(13) Old regions: 14->14
[2024-06-19T22:31:52.596+0900][gc,heap     ] GC(13) Humongous regions: 129->129
[2024-06-19T22:31:52.596+0900][gc,metaspace] GC(13) Metaspace: 38552K(39104K)->38552K(39104K) NonClass: 34282K(34624K)->34282K(34624K) Class: 4269K(4480K)->4269K(4480K)
[2024-06-19T22:31:52.596+0900][gc          ] GC(13) Pause Young (Normal) (G1 Evacuation Pause) 198M->145M(1024M) 12.315ms
[2024-06-19T22:31:52.596+0900][gc,cpu      ] GC(13) User=0.03s Sys=0.02s Real=0.01s
[2024-06-19T22:32:39.114+0900][gc,start    ] GC(14) Pause Young (Normal) (G1 Evacuation Pause)
[2024-06-19T22:32:39.115+0900][gc,task     ] GC(14) Using 8 workers of 8 for evacuation
[2024-06-19T22:32:39.134+0900][gc,phases   ] GC(14)   Pre Evacuate Collection Set: 0.9ms
[2024-06-19T22:32:39.134+0900][gc,phases   ] GC(14)   Merge Heap Roots: 0.1ms
[2024-06-19T22:32:39.134+0900][gc,phases   ] GC(14)   Evacuate Collection Set: 17.5ms
[2024-06-19T22:32:39.134+0900][gc,phases   ] GC(14)   Post Evacuate Collection Set: 0.7ms
[2024-06-19T22:32:39.134+0900][gc,phases   ] GC(14)   Other: 0.3ms
[2024-06-19T22:32:39.135+0900][gc,heap     ] GC(14) Eden regions: 104->0(99)
[2024-06-19T22:32:39.135+0900][gc,heap     ] GC(14) Survivor regions: 3->3(14)
[2024-06-19T22:32:39.135+0900][gc,heap     ] GC(14) Old regions: 14->14
[2024-06-19T22:32:39.135+0900][gc,heap     ] GC(14) Humongous regions: 129->129
[2024-06-19T22:32:39.135+0900][gc,metaspace] GC(14) Metaspace: 38574K(39104K)->38574K(39104K) NonClass: 34304K(34624K)->34304K(34624K) Class: 4269K(4480K)->4269K(4480K)
[2024-06-19T22:32:39.135+0900][gc          ] GC(14) Pause Young (Normal) (G1 Evacuation Pause) 249M->145M(1024M) 20.368ms
[2024-06-19T22:32:39.135+0900][gc,cpu      ] GC(14) User=0.02s Sys=0.02s Real=0.02s
[2024-06-19T22:33:49.499+0900][gc,start    ] GC(15) Pause Young (Normal) (G1 Evacuation Pause)
[2024-06-19T22:33:49.500+0900][gc,task     ] GC(15) Using 8 workers of 8 for evacuation
[2024-06-19T22:33:49.512+0900][gc,phases   ] GC(15)   Pre Evacuate Collection Set: 0.9ms
[2024-06-19T22:33:49.512+0900][gc,phases   ] GC(15)   Merge Heap Roots: 0.1ms
[2024-06-19T22:33:49.512+0900][gc,phases   ] GC(15)   Evacuate Collection Set: 10.5ms
[2024-06-19T22:33:49.512+0900][gc,phases   ] GC(15)   Post Evacuate Collection Set: 0.6ms
[2024-06-19T22:33:49.512+0900][gc,phases   ] GC(15)   Other: 0.2ms
[2024-06-19T22:33:49.512+0900][gc,heap     ] GC(15) Eden regions: 99->0(188)
[2024-06-19T22:33:49.512+0900][gc,heap     ] GC(15) Survivor regions: 3->3(13)
[2024-06-19T22:33:49.512+0900][gc,heap     ] GC(15) Old regions: 14->14
[2024-06-19T22:33:49.512+0900][gc,heap     ] GC(15) Humongous regions: 129->129
[2024-06-19T22:33:49.512+0900][gc,metaspace] GC(15) Metaspace: 38578K(39104K)->38578K(39104K) NonClass: 34309K(34624K)->34309K(34624K) Class: 4269K(4480K)->4269K(4480K)
[2024-06-19T22:33:49.512+0900][gc          ] GC(15) Pause Young (Normal) (G1 Evacuation Pause) 244M->145M(1024M) 13.678ms
[2024-06-19T22:33:49.512+0900][gc,cpu      ] GC(15) User=0.02s Sys=0.02s Real=0.02s
[2024-06-19T22:38:58.058+0900][gc,start    ] GC(16) Pause Young (Normal) (G1 Evacuation Pause)
[2024-06-19T22:38:58.059+0900][gc,task     ] GC(16) Using 8 workers of 8 for evacuation
[2024-06-19T22:38:58.079+0900][gc,phases   ] GC(16)   Pre Evacuate Collection Set: 1.5ms
[2024-06-19T22:38:58.079+0900][gc,phases   ] GC(16)   Merge Heap Roots: 0.2ms
[2024-06-19T22:38:58.079+0900][gc,phases   ] GC(16)   Evacuate Collection Set: 16.9ms
[2024-06-19T22:38:58.079+0900][gc,phases   ] GC(16)   Post Evacuate Collection Set: 0.9ms
[2024-06-19T22:38:58.079+0900][gc,phases   ] GC(16)   Other: 0.3ms
[2024-06-19T22:38:58.079+0900][gc,heap     ] GC(16) Eden regions: 188->0(440)
[2024-06-19T22:38:58.079+0900][gc,heap     ] GC(16) Survivor regions: 3->3(24)
[2024-06-19T22:38:58.079+0900][gc,heap     ] GC(16) Old regions: 14->14
[2024-06-19T22:38:58.079+0900][gc,heap     ] GC(16) Humongous regions: 129->129
[2024-06-19T22:38:58.079+0900][gc,metaspace] GC(16) Metaspace: 38715K(39232K)->38715K(39232K) NonClass: 34445K(34752K)->34445K(34752K) Class: 4269K(4480K)->4269K(4480K)
[2024-06-19T22:38:58.079+0900][gc          ] GC(16) Pause Young (Normal) (G1 Evacuation Pause) 333M->145M(1024M) 21.230ms
[2024-06-19T22:38:58.079+0900][gc,cpu      ] GC(16) User=0.02s Sys=0.01s Real=0.02s
[2024-06-19T22:43:02.103+0900][gc,heap,exit] Heap
[2024-06-19T22:43:02.103+0900][gc,heap,exit]  garbage-first heap   total 1048576K, used 411052K [0x00000007c0000000, 0x0000000800000000)
[2024-06-19T22:43:02.103+0900][gc,heap,exit]   region size 1024K, 259 young (265216K), 3 survivors (3072K)
[2024-06-19T22:43:02.103+0900][gc,heap,exit]  Metaspace       used 39370K, committed 39872K, reserved 1114112K
[2024-06-19T22:43:02.103+0900][gc,heap,exit]   class space    used 4398K, committed 4608K, reserved 1048576K
