[2024-09-21T20:00:35.083+0900][gc,init] CardTable entry size: 512
[2024-09-21T20:00:35.083+0900][gc     ] Using G1
[2024-09-21T20:00:35.084+0900][gc,init] Version: 21.0.1+12-29 (release)
[2024-09-21T20:00:35.084+0900][gc,init] CPUs: 8 total, 8 available
[2024-09-21T20:00:35.084+0900][gc,init] Memory: 16384M
[2024-09-21T20:00:35.084+0900][gc,init] Large Page Support: Disabled
[2024-09-21T20:00:35.084+0900][gc,init] NUMA Support: Disabled
[2024-09-21T20:00:35.084+0900][gc,init] Compressed Oops: Enabled (Zero based)
[2024-09-21T20:00:35.084+0900][gc,init] Heap Region Size: 1M
[2024-09-21T20:00:35.084+0900][gc,init] Heap Min Capacity: 1G
[2024-09-21T20:00:35.084+0900][gc,init] Heap Initial Capacity: 1G
[2024-09-21T20:00:35.084+0900][gc,init] Heap Max Capacity: 1G
[2024-09-21T20:00:35.084+0900][gc,init] Pre-touch: Disabled
[2024-09-21T20:00:35.084+0900][gc,init] Parallel Workers: 8
[2024-09-21T20:00:35.084+0900][gc,init] Concurrent Workers: 2
[2024-09-21T20:00:35.084+0900][gc,init] Concurrent Refinement Workers: 8
[2024-09-21T20:00:35.084+0900][gc,init] Periodic GC: Disabled
[2024-09-21T20:00:35.087+0900][gc,metaspace] CDS archive(s) mapped at: [0x0000000400000000-0x0000000400ca4000-0x0000000400ca4000), size 13254656, SharedBaseAddress: 0x0000000400000000, ArchiveRelocationMode: 1.
[2024-09-21T20:00:35.087+0900][gc,metaspace] Compressed class space mapped at: 0x0000000401000000-0x0000000441000000, reserved size: 1073741824
[2024-09-21T20:00:35.087+0900][gc,metaspace] Narrow klass base: 0x0000000400000000, Narrow klass shift: 0, Narrow klass range: 0x100000000
[2024-09-21T20:00:36.035+0900][gc,start    ] GC(0) Pause Young (Normal) (G1 Evacuation Pause)
[2024-09-21T20:00:36.035+0900][gc,task     ] GC(0) Using 8 workers of 8 for evacuation
[2024-09-21T20:00:36.037+0900][gc,phases   ] GC(0)   Pre Evacuate Collection Set: 0.1ms
[2024-09-21T20:00:36.037+0900][gc,phases   ] GC(0)   Merge Heap Roots: 0.0ms
[2024-09-21T20:00:36.037+0900][gc,phases   ] GC(0)   Evacuate Collection Set: 1.6ms
[2024-09-21T20:00:36.037+0900][gc,phases   ] GC(0)   Post Evacuate Collection Set: 0.2ms
[2024-09-21T20:00:36.037+0900][gc,phases   ] GC(0)   Other: 0.2ms
[2024-09-21T20:00:36.037+0900][gc,heap     ] GC(0) Eden regions: 51->0(44)
[2024-09-21T20:00:36.037+0900][gc,heap     ] GC(0) Survivor regions: 0->7(7)
[2024-09-21T20:00:36.037+0900][gc,heap     ] GC(0) Old regions: 2->3
[2024-09-21T20:00:36.037+0900][gc,heap     ] GC(0) Humongous regions: 0->0
[2024-09-21T20:00:36.037+0900][gc,metaspace] GC(0) Metaspace: 19280K(19520K)->19280K(19520K) NonClass: 17036K(17152K)->17036K(17152K) Class: 2243K(2368K)->2243K(2368K)
[2024-09-21T20:00:36.037+0900][gc          ] GC(0) Pause Young (Normal) (G1 Evacuation Pause) 52M->8M(1024M) 2.227ms
[2024-09-21T20:00:36.037+0900][gc,cpu      ] GC(0) User=0.01s Sys=0.00s Real=0.00s
[2024-09-21T20:00:36.099+0900][gc,start    ] GC(1) Pause Young (Concurrent Start) (Metadata GC Threshold)
[2024-09-21T20:00:36.099+0900][gc,task     ] GC(1) Using 8 workers of 8 for evacuation
[2024-09-21T20:00:36.101+0900][gc,phases   ] GC(1)   Pre Evacuate Collection Set: 0.1ms
[2024-09-21T20:00:36.101+0900][gc,phases   ] GC(1)   Merge Heap Roots: 0.0ms
[2024-09-21T20:00:36.101+0900][gc,phases   ] GC(1)   Evacuate Collection Set: 1.7ms
[2024-09-21T20:00:36.101+0900][gc,phases   ] GC(1)   Post Evacuate Collection Set: 0.1ms
[2024-09-21T20:00:36.101+0900][gc,phases   ] GC(1)   Other: 0.0ms
[2024-09-21T20:00:36.101+0900][gc,heap     ] GC(1) Eden regions: 9->0(49)
[2024-09-21T20:00:36.101+0900][gc,heap     ] GC(1) Survivor regions: 7->2(7)
[2024-09-21T20:00:36.101+0900][gc,heap     ] GC(1) Old regions: 3->9
[2024-09-21T20:00:36.101+0900][gc,heap     ] GC(1) Humongous regions: 129->129
[2024-09-21T20:00:36.101+0900][gc,metaspace] GC(1) Metaspace: 21255K(21504K)->21255K(21504K) NonClass: 18778K(18880K)->18778K(18880K) Class: 2477K(2624K)->2477K(2624K)
[2024-09-21T20:00:36.101+0900][gc          ] GC(1) Pause Young (Concurrent Start) (Metadata GC Threshold) 145M->138M(1024M) 2.155ms
[2024-09-21T20:00:36.101+0900][gc          ] GC(2) Concurrent Mark Cycle
[2024-09-21T20:00:36.101+0900][gc,cpu      ] GC(1) User=0.01s Sys=0.00s Real=0.01s
[2024-09-21T20:00:36.101+0900][gc,marking  ] GC(2) Concurrent Scan Root Regions
[2024-09-21T20:00:36.103+0900][gc,marking  ] GC(2) Concurrent Scan Root Regions 1.280ms
[2024-09-21T20:00:36.103+0900][gc,marking  ] GC(2) Concurrent Mark
[2024-09-21T20:00:36.103+0900][gc,marking  ] GC(2) Concurrent Mark From Roots
[2024-09-21T20:00:36.103+0900][gc,task     ] GC(2) Using 2 workers of 2 for marking
[2024-09-21T20:00:36.104+0900][gc,marking  ] GC(2) Concurrent Mark From Roots 0.865ms
[2024-09-21T20:00:36.104+0900][gc,marking  ] GC(2) Concurrent Preclean
[2024-09-21T20:00:36.104+0900][gc,marking  ] GC(2) Concurrent Preclean 0.006ms
[2024-09-21T20:00:36.104+0900][gc,start    ] GC(2) Pause Remark
[2024-09-21T20:00:36.104+0900][gc          ] GC(2) Pause Remark 139M->139M(1024M) 0.721ms
[2024-09-21T20:00:36.104+0900][gc,cpu      ] GC(2) User=0.00s Sys=0.00s Real=0.00s
[2024-09-21T20:00:36.104+0900][gc,marking  ] GC(2) Concurrent Mark 1.658ms
[2024-09-21T20:00:36.104+0900][gc,marking  ] GC(2) Concurrent Rebuild Remembered Sets and Scrub Regions
[2024-09-21T20:00:36.105+0900][gc,marking  ] GC(2) Concurrent Rebuild Remembered Sets and Scrub Regions 1.018ms
[2024-09-21T20:00:36.105+0900][gc,start    ] GC(2) Pause Cleanup
[2024-09-21T20:00:36.105+0900][gc          ] GC(2) Pause Cleanup 139M->139M(1024M) 0.065ms
[2024-09-21T20:00:36.105+0900][gc,cpu      ] GC(2) User=0.00s Sys=0.00s Real=0.00s
[2024-09-21T20:00:36.105+0900][gc,marking  ] GC(2) Concurrent Clear Claimed Marks
[2024-09-21T20:00:36.105+0900][gc,marking  ] GC(2) Concurrent Clear Claimed Marks 0.006ms
[2024-09-21T20:00:36.105+0900][gc,marking  ] GC(2) Concurrent Cleanup for Next Mark
[2024-09-21T20:00:36.107+0900][gc,marking  ] GC(2) Concurrent Cleanup for Next Mark 1.038ms
[2024-09-21T20:00:36.107+0900][gc          ] GC(2) Concurrent Mark Cycle 5.170ms
[2024-09-21T20:01:06.403+0900][gc,start    ] GC(3) Pause Young (Prepare Mixed) (G1 Evacuation Pause)
[2024-09-21T20:01:06.404+0900][gc,task     ] GC(3) Using 8 workers of 8 for evacuation
[2024-09-21T20:01:06.428+0900][gc,mmu      ] GC(3) MMU target violated: 21.0ms (20.0ms/21.0ms)
[2024-09-21T20:01:06.428+0900][gc,phases   ] GC(3)   Pre Evacuate Collection Set: 1.0ms
[2024-09-21T20:01:06.428+0900][gc,phases   ] GC(3)   Merge Heap Roots: 0.2ms
[2024-09-21T20:01:06.428+0900][gc,phases   ] GC(3)   Evacuate Collection Set: 21.8ms
[2024-09-21T20:01:06.428+0900][gc,phases   ] GC(3)   Post Evacuate Collection Set: 0.6ms
[2024-09-21T20:01:06.428+0900][gc,phases   ] GC(3)   Other: 0.2ms
[2024-09-21T20:01:06.428+0900][gc,heap     ] GC(3) Eden regions: 49->0(45)
[2024-09-21T20:01:06.428+0900][gc,heap     ] GC(3) Survivor regions: 2->6(7)
[2024-09-21T20:01:06.428+0900][gc,heap     ] GC(3) Old regions: 9->9
[2024-09-21T20:01:06.428+0900][gc,heap     ] GC(3) Humongous regions: 129->129
[2024-09-21T20:01:06.428+0900][gc,metaspace] GC(3) Metaspace: 33690K(33984K)->33690K(33984K) NonClass: 30029K(30208K)->30029K(30208K) Class: 3661K(3776K)->3661K(3776K)
[2024-09-21T20:01:06.428+0900][gc          ] GC(3) Pause Young (Prepare Mixed) (G1 Evacuation Pause) 187M->142M(1024M) 25.161ms
[2024-09-21T20:01:06.428+0900][gc,cpu      ] GC(3) User=0.03s Sys=0.06s Real=0.02s
[2024-09-21T21:24:05.307+0900][gc,start    ] GC(4) Pause Young (Mixed) (G1 Evacuation Pause)
[2024-09-21T21:24:05.310+0900][gc,task     ] GC(4) Using 8 workers of 8 for evacuation
[2024-09-21T21:24:05.325+0900][gc,phases   ] GC(4)   Pre Evacuate Collection Set: 1.1ms
[2024-09-21T21:24:05.325+0900][gc,phases   ] GC(4)   Merge Heap Roots: 0.5ms
[2024-09-21T21:24:05.325+0900][gc,phases   ] GC(4)   Evacuate Collection Set: 11.4ms
[2024-09-21T21:24:05.325+0900][gc,phases   ] GC(4)   Post Evacuate Collection Set: 0.8ms
[2024-09-21T21:24:05.325+0900][gc,phases   ] GC(4)   Other: 1.2ms
[2024-09-21T21:24:05.325+0900][gc,heap     ] GC(4) Eden regions: 45->0(50)
[2024-09-21T21:24:05.325+0900][gc,heap     ] GC(4) Survivor regions: 6->1(7)
[2024-09-21T21:24:05.325+0900][gc,heap     ] GC(4) Old regions: 9->14
[2024-09-21T21:24:05.325+0900][gc,heap     ] GC(4) Humongous regions: 129->129
[2024-09-21T21:24:05.325+0900][gc,metaspace] GC(4) Metaspace: 34284K(34496K)->34284K(34496K) NonClass: 30600K(30720K)->30600K(30720K) Class: 3684K(3776K)->3684K(3776K)
[2024-09-21T21:24:05.325+0900][gc          ] GC(4) Pause Young (Mixed) (G1 Evacuation Pause) 187M->143M(1024M) 18.723ms
[2024-09-21T21:24:05.325+0900][gc,cpu      ] GC(4) User=0.03s Sys=0.02s Real=0.02s
[2024-09-21T21:37:10.723+0900][gc,start    ] GC(5) Pause Young (Concurrent Start) (Metadata GC Threshold)
[2024-09-21T21:37:10.723+0900][gc,task     ] GC(5) Using 8 workers of 8 for evacuation
[2024-09-21T21:37:10.729+0900][gc,phases   ] GC(5)   Pre Evacuate Collection Set: 1.1ms
[2024-09-21T21:37:10.729+0900][gc,phases   ] GC(5)   Merge Heap Roots: 0.3ms
[2024-09-21T21:37:10.729+0900][gc,phases   ] GC(5)   Evacuate Collection Set: 3.2ms
[2024-09-21T21:37:10.729+0900][gc,phases   ] GC(5)   Post Evacuate Collection Set: 0.4ms
[2024-09-21T21:37:10.729+0900][gc,phases   ] GC(5)   Other: 0.2ms
[2024-09-21T21:37:10.729+0900][gc,heap     ] GC(5) Eden regions: 23->0(49)
[2024-09-21T21:37:10.729+0900][gc,heap     ] GC(5) Survivor regions: 1->2(7)
[2024-09-21T21:37:10.729+0900][gc,heap     ] GC(5) Old regions: 14->14
[2024-09-21T21:37:10.729+0900][gc,heap     ] GC(5) Humongous regions: 129->129
[2024-09-21T21:37:10.729+0900][gc,metaspace] GC(5) Metaspace: 35772K(35968K)->35772K(35968K) NonClass: 31952K(32064K)->31952K(32064K) Class: 3819K(3904K)->3819K(3904K)
[2024-09-21T21:37:10.729+0900][gc          ] GC(5) Pause Young (Concurrent Start) (Metadata GC Threshold) 165M->143M(1024M) 5.993ms
[2024-09-21T21:37:10.729+0900][gc,cpu      ] GC(5) User=0.01s Sys=0.01s Real=0.00s
[2024-09-21T21:37:10.729+0900][gc          ] GC(6) Concurrent Mark Cycle
[2024-09-21T21:37:10.729+0900][gc,marking  ] GC(6) Concurrent Scan Root Regions
[2024-09-21T21:37:10.730+0900][gc,marking  ] GC(6) Concurrent Scan Root Regions 1.443ms
[2024-09-21T21:37:10.730+0900][gc,marking  ] GC(6) Concurrent Mark
[2024-09-21T21:37:10.730+0900][gc,marking  ] GC(6) Concurrent Mark From Roots
[2024-09-21T21:37:10.730+0900][gc,task     ] GC(6) Using 2 workers of 2 for marking
[2024-09-21T21:37:10.741+0900][gc,marking  ] GC(6) Concurrent Mark From Roots 10.935ms
[2024-09-21T21:37:10.741+0900][gc,marking  ] GC(6) Concurrent Preclean
[2024-09-21T21:37:10.741+0900][gc,marking  ] GC(6) Concurrent Preclean 0.109ms
[2024-09-21T21:37:10.741+0900][gc,start    ] GC(6) Pause Remark
[2024-09-21T21:37:10.748+0900][gc          ] GC(6) Pause Remark 144M->144M(1024M) 6.828ms
[2024-09-21T21:37:10.748+0900][gc,cpu      ] GC(6) User=0.02s Sys=0.02s Real=0.00s
[2024-09-21T21:37:10.748+0900][gc,marking  ] GC(6) Concurrent Mark 18.072ms
[2024-09-21T21:37:10.748+0900][gc,marking  ] GC(6) Concurrent Rebuild Remembered Sets and Scrub Regions
[2024-09-21T21:37:10.752+0900][gc,marking  ] GC(6) Concurrent Rebuild Remembered Sets and Scrub Regions 3.330ms
[2024-09-21T21:37:10.752+0900][gc,start    ] GC(6) Pause Cleanup
[2024-09-21T21:37:10.752+0900][gc          ] GC(6) Pause Cleanup 144M->144M(1024M) 0.113ms
[2024-09-21T21:37:10.752+0900][gc,cpu      ] GC(6) User=0.00s Sys=0.00s Real=0.00s
[2024-09-21T21:37:10.752+0900][gc,marking  ] GC(6) Concurrent Clear Claimed Marks
[2024-09-21T21:37:10.752+0900][gc,marking  ] GC(6) Concurrent Clear Claimed Marks 0.043ms
[2024-09-21T21:37:10.752+0900][gc,marking  ] GC(6) Concurrent Cleanup for Next Mark
[2024-09-21T21:37:10.754+0900][gc,marking  ] GC(6) Concurrent Cleanup for Next Mark 2.165ms
[2024-09-21T21:37:10.754+0900][gc          ] GC(6) Concurrent Mark Cycle 25.662ms
[2024-09-21T21:37:13.431+0900][gc,heap,exit] Heap
[2024-09-21T21:37:13.431+0900][gc,heap,exit]  garbage-first heap   total 1048576K, used 151991K [0x00000007c0000000, 0x0000000800000000)
[2024-09-21T21:37:13.431+0900][gc,heap,exit]   region size 1024K, 7 young (7168K), 2 survivors (2048K)
[2024-09-21T21:37:13.431+0900][gc,heap,exit]  Metaspace       used 35887K, committed 36160K, reserved 1114112K
[2024-09-21T21:37:13.431+0900][gc,heap,exit]   class space    used 3860K, committed 3968K, reserved 1048576K
