[2024-06-19T22:43:28.622+0900][gc,init] CardTable entry size: 512
[2024-06-19T22:43:28.622+0900][gc     ] Using G1
[2024-06-19T22:43:28.622+0900][gc,init] Version: 21.0.1+12-29 (release)
[2024-06-19T22:43:28.622+0900][gc,init] CPUs: 8 total, 8 available
[2024-06-19T22:43:28.622+0900][gc,init] Memory: 16384M
[2024-06-19T22:43:28.623+0900][gc,init] Large Page Support: Disabled
[2024-06-19T22:43:28.623+0900][gc,init] NUMA Support: Disabled
[2024-06-19T22:43:28.623+0900][gc,init] Compressed Oops: Enabled (Zero based)
[2024-06-19T22:43:28.623+0900][gc,init] Heap Region Size: 1M
[2024-06-19T22:43:28.623+0900][gc,init] Heap Min Capacity: 512M
[2024-06-19T22:43:28.623+0900][gc,init] Heap Initial Capacity: 512M
[2024-06-19T22:43:28.623+0900][gc,init] Heap Max Capacity: 512M
[2024-06-19T22:43:28.623+0900][gc,init] Pre-touch: Disabled
[2024-06-19T22:43:28.623+0900][gc,init] Parallel Workers: 8
[2024-06-19T22:43:28.623+0900][gc,init] Concurrent Workers: 2
[2024-06-19T22:43:28.623+0900][gc,init] Concurrent Refinement Workers: 8
[2024-06-19T22:43:28.623+0900][gc,init] Periodic GC: Disabled
[2024-06-19T22:43:28.625+0900][gc,metaspace] CDS archive(s) mapped at: [0x000000d000000000-0x000000d000ca4000-0x000000d000ca4000), size 13254656, SharedBaseAddress: 0x000000d000000000, ArchiveRelocationMode: 1.
[2024-06-19T22:43:28.625+0900][gc,metaspace] Compressed class space mapped at: 0x000000d001000000-0x000000d041000000, reserved size: 1073741824
[2024-06-19T22:43:28.625+0900][gc,metaspace] Narrow klass base: 0x000000d000000000, Narrow klass shift: 0, Narrow klass range: 0x100000000
[2024-06-19T22:43:31.419+0900][gc,start    ] GC(0) Pause Young (Normal) (G1 Evacuation Pause)
[2024-06-19T22:43:31.419+0900][gc,task     ] GC(0) Using 8 workers of 8 for evacuation
[2024-06-19T22:43:31.422+0900][gc,phases   ] GC(0)   Pre Evacuate Collection Set: 0.1ms
[2024-06-19T22:43:31.422+0900][gc,phases   ] GC(0)   Merge Heap Roots: 0.2ms
[2024-06-19T22:43:31.422+0900][gc,phases   ] GC(0)   Evacuate Collection Set: 1.6ms
[2024-06-19T22:43:31.422+0900][gc,phases   ] GC(0)   Post Evacuate Collection Set: 0.3ms
[2024-06-19T22:43:31.422+0900][gc,phases   ] GC(0)   Other: 0.4ms
[2024-06-19T22:43:31.422+0900][gc,heap     ] GC(0) Eden regions: 25->0(21)
[2024-06-19T22:43:31.422+0900][gc,heap     ] GC(0) Survivor regions: 0->4(4)
[2024-06-19T22:43:31.422+0900][gc,heap     ] GC(0) Old regions: 2->4
[2024-06-19T22:43:31.422+0900][gc,heap     ] GC(0) Humongous regions: 0->0
[2024-06-19T22:43:31.422+0900][gc,metaspace] GC(0) Metaspace: 8180K(8384K)->8180K(8384K) NonClass: 7293K(7360K)->7293K(7360K) Class: 886K(1024K)->886K(1024K)
[2024-06-19T22:43:31.422+0900][gc          ] GC(0) Pause Young (Normal) (G1 Evacuation Pause) 26M->6M(512M) 2.660ms
[2024-06-19T22:43:31.422+0900][gc,cpu      ] GC(0) User=0.01s Sys=0.00s Real=0.01s
[2024-06-19T22:46:41.392+0900][gc,heap,exit] Heap
[2024-06-19T22:46:41.393+0900][gc,heap,exit]  garbage-first heap   total 524288K, used 11870K [0x00000007e0000000, 0x0000000800000000)
[2024-06-19T22:46:41.393+0900][gc,heap,exit]   region size 1024K, 10 young (10240K), 4 survivors (4096K)
[2024-06-19T22:46:41.393+0900][gc,heap,exit]  Metaspace       used 8456K, committed 8704K, reserved 1114112K
[2024-06-19T22:46:41.393+0900][gc,heap,exit]   class space    used 901K, committed 1024K, reserved 1048576K
