[2024-09-21T23:29:04.673+0900][gc,init] CardTable entry size: 512
[2024-09-21T23:29:04.673+0900][gc     ] Using G1
[2024-09-21T23:29:04.674+0900][gc,init] Version: 21.0.1+12-29 (release)
[2024-09-21T23:29:04.674+0900][gc,init] CPUs: 8 total, 8 available
[2024-09-21T23:29:04.674+0900][gc,init] Memory: 16384M
[2024-09-21T23:29:04.674+0900][gc,init] Large Page Support: Disabled
[2024-09-21T23:29:04.674+0900][gc,init] NUMA Support: Disabled
[2024-09-21T23:29:04.674+0900][gc,init] Compressed Oops: Enabled (Zero based)
[2024-09-21T23:29:04.674+0900][gc,init] Heap Region Size: 1M
[2024-09-21T23:29:04.674+0900][gc,init] Heap Min Capacity: 512M
[2024-09-21T23:29:04.674+0900][gc,init] Heap Initial Capacity: 512M
[2024-09-21T23:29:04.674+0900][gc,init] Heap Max Capacity: 512M
[2024-09-21T23:29:04.674+0900][gc,init] Pre-touch: Disabled
[2024-09-21T23:29:04.674+0900][gc,init] Parallel Workers: 8
[2024-09-21T23:29:04.674+0900][gc,init] Concurrent Workers: 2
[2024-09-21T23:29:04.674+0900][gc,init] Concurrent Refinement Workers: 8
[2024-09-21T23:29:04.674+0900][gc,init] Periodic GC: Disabled
[2024-09-21T23:29:04.677+0900][gc,metaspace] CDS archive(s) mapped at: [0x0000000700000000-0x0000000700ca4000-0x0000000700ca4000), size 13254656, SharedBaseAddress: 0x0000000700000000, ArchiveRelocationMode: 1.
[2024-09-21T23:29:04.677+0900][gc,metaspace] Compressed class space mapped at: 0x0000000701000000-0x0000000741000000, reserved size: 1073741824
[2024-09-21T23:29:04.677+0900][gc,metaspace] Narrow klass base: 0x0000000700000000, Narrow klass shift: 0, Narrow klass range: 0x100000000
[2024-09-21T23:29:11.358+0900][gc,start    ] GC(0) Pause Young (Normal) (G1 Evacuation Pause)
[2024-09-21T23:29:11.358+0900][gc,task     ] GC(0) Using 8 workers of 8 for evacuation
[2024-09-21T23:29:11.361+0900][gc,phases   ] GC(0)   Pre Evacuate Collection Set: 0.1ms
[2024-09-21T23:29:11.361+0900][gc,phases   ] GC(0)   Merge Heap Roots: 0.0ms
[2024-09-21T23:29:11.361+0900][gc,phases   ] GC(0)   Evacuate Collection Set: 1.8ms
[2024-09-21T23:29:11.361+0900][gc,phases   ] GC(0)   Post Evacuate Collection Set: 0.3ms
[2024-09-21T23:29:11.361+0900][gc,phases   ] GC(0)   Other: 0.2ms
[2024-09-21T23:29:11.361+0900][gc,heap     ] GC(0) Eden regions: 25->0(21)
[2024-09-21T23:29:11.361+0900][gc,heap     ] GC(0) Survivor regions: 0->4(4)
[2024-09-21T23:29:11.361+0900][gc,heap     ] GC(0) Old regions: 2->4
[2024-09-21T23:29:11.361+0900][gc,heap     ] GC(0) Humongous regions: 0->0
[2024-09-21T23:29:11.361+0900][gc,metaspace] GC(0) Metaspace: 8145K(8384K)->8145K(8384K) NonClass: 7260K(7360K)->7260K(7360K) Class: 884K(1024K)->884K(1024K)
[2024-09-21T23:29:11.361+0900][gc          ] GC(0) Pause Young (Normal) (G1 Evacuation Pause) 26M->6M(512M) 2.510ms
[2024-09-21T23:29:11.361+0900][gc,cpu      ] GC(0) User=0.01s Sys=0.01s Real=0.01s
[2024-09-21T23:32:39.458+0900][gc,heap,exit] Heap
[2024-09-21T23:32:39.459+0900][gc,heap,exit]  garbage-first heap   total 524288K, used 11872K [0x00000007e0000000, 0x0000000800000000)
[2024-09-21T23:32:39.459+0900][gc,heap,exit]   region size 1024K, 10 young (10240K), 4 survivors (4096K)
[2024-09-21T23:32:39.459+0900][gc,heap,exit]  Metaspace       used 8449K, committed 8704K, reserved 1114112K
[2024-09-21T23:32:39.459+0900][gc,heap,exit]   class space    used 901K, committed 1024K, reserved 1048576K
